<html>
<body>
<pre>
<h1>µVision Build Log</h1>
<h2>Project:</h2>
V:\src\software\experimental\C\STM32\STM32F3\ucosii_template\MDK\ucosii_template.uvproj
Project File Date:  11/02/2013

<h2>Output:</h2>
Build target 'Target 1'
assembling startup_stm32f30x.s...
compiling app.c...
compiling app_hooks.c...
compiling bsp.c...
compiling leds.c...
compiling main.c...
compiling stm32f30x_it.c...
compiling task1.c...
compiling stm32f3_discovery.c...
compiling syscalls.c...
compiling system_stm32f30x.c...
compiling stm32f3_discovery_l3gd20.c...
compiling stm32f3_discovery_lsm303dlhc.c...
compiling stm32f30x_adc.c...
compiling stm32f30x_can.c...
compiling stm32f30x_comp.c...
compiling stm32f30x_crc.c...
compiling stm32f30x_dac.c...
compiling stm32f30x_dbgmcu.c...
compiling stm32f30x_dma.c...
compiling stm32f30x_exti.c...
compiling stm32f30x_flash.c...
compiling stm32f30x_gpio.c...
compiling stm32f30x_i2c.c...
compiling stm32f30x_iwdg.c...
compiling stm32f30x_misc.c...
compiling stm32f30x_opamp.c...
compiling stm32f30x_pwr.c...
compiling stm32f30x_rcc.c...
compiling stm32f30x_rtc.c...
compiling stm32f30x_spi.c...
compiling stm32f30x_syscfg.c...
compiling stm32f30x_tim.c...
compiling stm32f30x_usart.c...
compiling stm32f30x_wwdg.c...
compiling os_core.c...
compiling os_flag.c...
compiling os_mbox.c...
compiling os_mem.c...
compiling os_mutex.c...
compiling os_q.c...
compiling os_sem.c...
compiling os_task.c...
compiling os_time.c...
compiling os_tmr.c...
compiling ucos_ii.c...
assembling os_cpu_a.asm...
compiling lib_ascii.c...
compiling lib_math.c...
compiling lib_mem.c...
compiling lib_str.c...
assembling lib_mem_a.asm...
compiling cpu_core.c...
assembling cpu_a.asm...
compiling cpu_c.c...
linking...
..\objects\ucosii_template.axf: Error: L6200E: Symbol OSMboxCreate multiply defined (by ucos_ii.o and os_mbox.o).
..\objects\ucosii_template.axf: Error: L6200E: Symbol OSMutexCreate multiply defined (by ucos_ii.o and os_mutex.o).
..\objects\ucosii_template.axf: Error: L6200E: Symbol OSMutexPend multiply defined (by ucos_ii.o and os_mutex.o).
..\objects\ucosii_template.axf: Error: L6200E: Symbol OSMutexPost multiply defined (by ucos_ii.o and os_mutex.o).
..\objects\ucosii_template.axf: Error: L6200E: Symbol OSTaskCreate multiply defined (by ucos_ii.o and os_task.o).
..\objects\ucosii_template.axf: Error: L6200E: Symbol OSTaskNameSet multiply defined (by ucos_ii.o and os_task.o).
..\objects\ucosii_template.axf: Error: L6200E: Symbol OSInit multiply defined (by ucos_ii.o and os_core.o).
..\objects\ucosii_template.axf: Error: L6200E: Symbol OSStart multiply defined (by ucos_ii.o and os_core.o).
..\objects\ucosii_template.axf: Error: L6200E: Symbol OSIntEnter multiply defined (by ucos_ii.o and os_core.o).
..\objects\ucosii_template.axf: Error: L6200E: Symbol OSIntExit multiply defined (by ucos_ii.o and os_core.o).
..\objects\ucosii_template.axf: Error: L6200E: Symbol OSMboxPost multiply defined (by ucos_ii.o and os_mbox.o).
..\objects\ucosii_template.axf: Error: L6200E: Symbol OSMboxPend multiply defined (by ucos_ii.o and os_mbox.o).
..\objects\ucosii_template.axf: Error: L6200E: Symbol OSEventTbl multiply defined (by ucos_ii.o and os_core.o).
..\objects\ucosii_template.axf: Error: L6200E: Symbol OSFlagTbl multiply defined (by ucos_ii.o and os_core.o).
..\objects\ucosii_template.axf: Error: L6200E: Symbol OSTaskStatStk multiply defined (by ucos_ii.o and os_core.o).
..\objects\ucosii_template.axf: Error: L6200E: Symbol OSTaskIdleStk multiply defined (by ucos_ii.o and os_core.o).
..\objects\ucosii_template.axf: Error: L6200E: Symbol OSTCBPrioTbl multiply defined (by ucos_ii.o and os_core.o).
..\objects\ucosii_template.axf: Error: L6200E: Symbol OSTCBTbl multiply defined (by ucos_ii.o and os_core.o).
..\objects\ucosii_template.axf: Error: L6200E: Symbol OSMemTbl multiply defined (by ucos_ii.o and os_core.o).
..\objects\ucosii_template.axf: Error: L6200E: Symbol OSUnMapTbl multiply defined (by ucos_ii.o and os_core.o).
..\objects\ucosii_template.axf: Error: L6200E: Symbol OSCtxSwCtr multiply defined (by ucos_ii.o and os_core.o).
..\objects\ucosii_template.axf: Error: L6200E: Symbol OSEventFreeList multiply defined (by ucos_ii.o and os_core.o).
..\objects\ucosii_template.axf: Error: L6200E: Symbol OSFlagFreeList multiply defined (by ucos_ii.o and os_core.o).
..\objects\ucosii_template.axf: Error: L6200E: Symbol OSCPUUsage multiply defined (by ucos_ii.o and os_core.o).
..\objects\ucosii_template.axf: Error: L6200E: Symbol OSIdleCtrMax multiply defined (by ucos_ii.o and os_core.o).
..\objects\ucosii_template.axf: Error: L6200E: Symbol OSIdleCtrRun multiply defined (by ucos_ii.o and os_core.o).
..\objects\ucosii_template.axf: Error: L6200E: Symbol OSStatRdy multiply defined (by ucos_ii.o and os_core.o).
..\objects\ucosii_template.axf: Error: L6200E: Symbol OSIntNesting multiply defined (by ucos_ii.o and os_core.o).
..\objects\ucosii_template.axf: Error: L6200E: Symbol OSLockNesting multiply defined (by ucos_ii.o and os_core.o).
..\objects\ucosii_template.axf: Error: L6200E: Symbol OSPrioCur multiply defined (by ucos_ii.o and os_core.o).
..\objects\ucosii_template.axf: Error: L6200E: Symbol OSPrioHighRdy multiply defined (by ucos_ii.o and os_core.o).
..\objects\ucosii_template.axf: Error: L6200E: Symbol OSRdyGrp multiply defined (by ucos_ii.o and os_core.o).
..\objects\ucosii_template.axf: Error: L6200E: Symbol OSRdyTbl multiply defined (by ucos_ii.o and os_core.o).
..\objects\ucosii_template.axf: Error: L6200E: Symbol OSRunning multiply defined (by ucos_ii.o and os_core.o).
..\objects\ucosii_template.axf: Error: L6200E: Symbol OSTaskCtr multiply defined (by ucos_ii.o and os_core.o).
..\objects\ucosii_template.axf: Error: L6200E: Symbol OSIdleCtr multiply defined (by ucos_ii.o and os_core.o).
..\objects\ucosii_template.axf: Error: L6200E: Symbol OSTCBCur multiply defined (by ucos_ii.o and os_core.o).
..\objects\ucosii_template.axf: Error: L6200E: Symbol OSTCBFreeList multiply defined (by ucos_ii.o and os_core.o).
..\objects\ucosii_template.axf: Error: L6200E: Symbol OSTCBHighRdy multiply defined (by ucos_ii.o and os_core.o).
..\objects\ucosii_template.axf: Error: L6200E: Symbol OSTCBList multiply defined (by ucos_ii.o and os_core.o).
..\objects\ucosii_template.axf: Error: L6200E: Symbol OSTickStepState multiply defined (by ucos_ii.o and os_core.o).
..\objects\ucosii_template.axf: Error: L6200E: Symbol OSMemFreeList multiply defined (by ucos_ii.o and os_core.o).
..\objects\ucosii_template.axf: Error: L6200E: Symbol OSTaskRegNextAvailID multiply defined (by ucos_ii.o and os_core.o).
..\objects\ucosii_template.axf: Error: L6200E: Symbol OS_StrLen multiply defined (by ucos_ii.o and os_core.o).
..\objects\ucosii_template.axf: Error: L6200E: Symbol OSEventNameGet multiply defined (by ucos_ii.o and os_core.o).
..\objects\ucosii_template.axf: Error: L6200E: Symbol OSEventNameSet multiply defined (by ucos_ii.o and os_core.o).
..\objects\ucosii_template.axf: Error: L6200E: Symbol OS_TaskStatStkChk multiply defined (by ucos_ii.o and os_core.o).
..\objects\ucosii_template.axf: Error: L6200E: Symbol OS_TaskStat multiply defined (by ucos_ii.o and os_core.o).
..\objects\ucosii_template.axf: Error: L6200E: Symbol OS_TaskIdle multiply defined (by ucos_ii.o and os_core.o).
..\objects\ucosii_template.axf: Error: L6200E: Symbol OS_MemClr multiply defined (by ucos_ii.o and os_core.o).
..\objects\ucosii_template.axf: Error: L6200E: Symbol OSSchedLock multiply defined (by ucos_ii.o and os_core.o).
..\objects\ucosii_template.axf: Error: L6200E: Symbol OS_Sched multiply defined (by ucos_ii.o and os_core.o).
..\objects\ucosii_template.axf: Error: L6200E: Symbol OSSchedUnlock multiply defined (by ucos_ii.o and os_core.o).
..\objects\ucosii_template.axf: Error: L6200E: Symbol OSStatInit multiply defined (by ucos_ii.o and os_core.o).
..\objects\ucosii_template.axf: Error: L6200E: Symbol OSTimeTick multiply defined (by ucos_ii.o and os_core.o).
..\objects\ucosii_template.axf: Error: L6200E: Symbol OSVersion multiply defined (by ucos_ii.o and os_core.o).
..\objects\ucosii_template.axf: Error: L6200E: Symbol OS_Dummy multiply defined (by ucos_ii.o and os_core.o).
..\objects\ucosii_template.axf: Error: L6200E: Symbol OS_EventTaskRemove multiply defined (by ucos_ii.o and os_core.o).
..\objects\ucosii_template.axf: Error: L6200E: Symbol OS_EventTaskRdy multiply defined (by ucos_ii.o and os_core.o).
..\objects\ucosii_template.axf: Error: L6200E: Symbol OS_EventTaskWait multiply defined (by ucos_ii.o and os_core.o).
..\objects\ucosii_template.axf: Error: L6200E: Symbol OS_EventWaitListInit multiply defined (by ucos_ii.o and os_core.o).
..\objects\ucosii_template.axf: Error: L6200E: Symbol OS_MemCopy multiply defined (by ucos_ii.o and os_core.o).
..\objects\ucosii_template.axf: Error: L6200E: Symbol OS_TCBInit multiply defined (by ucos_ii.o and os_core.o).
..\objects\ucosii_template.axf: Error: L6200E: Symbol OSTaskCreateExt multiply defined (by ucos_ii.o and os_task.o).
..\objects\ucosii_template.axf: Error: L6200E: Symbol OSTaskStkChk multiply defined (by ucos_ii.o and os_task.o).
..\objects\ucosii_template.axf: Error: L6200E: Symbol OSTaskSuspend multiply defined (by ucos_ii.o and os_task.o).
..\objects\ucosii_template.axf: Error: L6200E: Symbol OSTimeDly multiply defined (by ucos_ii.o and os_time.o).
..\objects\ucosii_template.axf: Error: L6200E: Symbol OS_FlagInit multiply defined (by ucos_ii.o and os_flag.o).
..\objects\ucosii_template.axf: Error: L6200E: Symbol OS_MemInit multiply defined (by ucos_ii.o and os_mem.o).
..\objects\ucosii_template.axf: Error: L6200E: Symbol OSFlagAccept multiply defined (by ucos_ii.o and os_flag.o).
..\objects\ucosii_template.axf: Error: L6200E: Symbol OSFlagCreate multiply defined (by ucos_ii.o and os_flag.o).
..\objects\ucosii_template.axf: Error: L6200E: Symbol OS_FlagUnlink multiply defined (by ucos_ii.o and os_flag.o).
..\objects\ucosii_template.axf: Error: L6200E: Symbol OSFlagDel multiply defined (by ucos_ii.o and os_flag.o).
..\objects\ucosii_template.axf: Error: L6200E: Symbol OSFlagNameGet multiply defined (by ucos_ii.o and os_flag.o).
..\objects\ucosii_template.axf: Error: L6200E: Symbol OSFlagNameSet multiply defined (by ucos_ii.o and os_flag.o).
..\objects\ucosii_template.axf: Error: L6200E: Symbol OSFlagPend multiply defined (by ucos_ii.o and os_flag.o).
..\objects\ucosii_template.axf: Error: L6200E: Symbol OSFlagPendGetFlagsRdy multiply defined (by ucos_ii.o and os_flag.o).
..\objects\ucosii_template.axf: Error: L6200E: Symbol OSFlagPost multiply defined (by ucos_ii.o and os_flag.o).
..\objects\ucosii_template.axf: Error: L6200E: Symbol OSFlagQuery multiply defined (by ucos_ii.o and os_flag.o).
..\objects\ucosii_template.axf: Error: L6200E: Symbol OSMboxAccept multiply defined (by ucos_ii.o and os_mbox.o).
..\objects\ucosii_template.axf: Error: L6200E: Symbol OSMboxDel multiply defined (by ucos_ii.o and os_mbox.o).
..\objects\ucosii_template.axf: Error: L6200E: Symbol OSMboxPendAbort multiply defined (by ucos_ii.o and os_mbox.o).
..\objects\ucosii_template.axf: Error: L6200E: Symbol OSMboxPostOpt multiply defined (by ucos_ii.o and os_mbox.o).
..\objects\ucosii_template.axf: Error: L6200E: Symbol OSMboxQuery multiply defined (by ucos_ii.o and os_mbox.o).
..\objects\ucosii_template.axf: Error: L6200E: Symbol OSMemCreate multiply defined (by ucos_ii.o and os_mem.o).
..\objects\ucosii_template.axf: Error: L6200E: Symbol OSMemGet multiply defined (by ucos_ii.o and os_mem.o).
..\objects\ucosii_template.axf: Error: L6200E: Symbol OSMemNameGet multiply defined (by ucos_ii.o and os_mem.o).
..\objects\ucosii_template.axf: Error: L6200E: Symbol OSMemNameSet multiply defined (by ucos_ii.o and os_mem.o).
..\objects\ucosii_template.axf: Error: L6200E: Symbol OSMemPut multiply defined (by ucos_ii.o and os_mem.o).
..\objects\ucosii_template.axf: Error: L6200E: Symbol OSMemQuery multiply defined (by ucos_ii.o and os_mem.o).
..\objects\ucosii_template.axf: Error: L6200E: Symbol OSMutexAccept multiply defined (by ucos_ii.o and os_mutex.o).
..\objects\ucosii_template.axf: Error: L6200E: Symbol OSMutexDel multiply defined (by ucos_ii.o and os_mutex.o).
..\objects\ucosii_template.axf: Error: L6200E: Symbol OSMutexQuery multiply defined (by ucos_ii.o and os_mutex.o).
..\objects\ucosii_template.axf: Error: L6200E: Symbol OSTaskChangePrio multiply defined (by ucos_ii.o and os_task.o).
..\objects\ucosii_template.axf: Error: L6200E: Symbol OS_TaskStkClr multiply defined (by ucos_ii.o and os_task.o).
..\objects\ucosii_template.axf: Error: L6200E: Symbol OSTaskDel multiply defined (by ucos_ii.o and os_task.o).
..\objects\ucosii_template.axf: Error: L6200E: Symbol OSTaskDelReq multiply defined (by ucos_ii.o and os_task.o).
..\objects\ucosii_template.axf: Error: L6200E: Symbol OSTaskNameGet multiply defined (by ucos_ii.o and os_task.o).
..\objects\ucosii_template.axf: Error: L6200E: Symbol OSTaskResume multiply defined (by ucos_ii.o and os_task.o).
..\objects\ucosii_template.axf: Error: L6200E: Symbol OSTaskQuery multiply defined (by ucos_ii.o and os_task.o).
..\objects\ucosii_template.axf: Error: L6200E: Symbol OSTaskRegGet multiply defined (by ucos_ii.o and os_task.o).
..\objects\ucosii_template.axf: Error: L6200E: Symbol OSTaskRegGetID multiply defined (by ucos_ii.o and os_task.o).
..\objects\ucosii_template.axf: Error: L6200E: Symbol OSTaskRegSet multiply defined (by ucos_ii.o and os_task.o).
..\objects\ucosii_template.axf: Error: L6200E: Symbol OS_TaskReturn multiply defined (by ucos_ii.o and os_task.o).
Target not created
Build target 'Target 1'
linking...
..\objects\ucosii_template.axf: Error: L6218E: Undefined symbol OS_CPU_SysTickInit (referred from task1.o).
..\objects\ucosii_template.axf: Error: L6218E: Undefined symbol L3GD20_TIMEOUT_UserCallback (referred from stm32f3_discovery_l3gd20.o).
..\objects\ucosii_template.axf: Error: L6218E: Undefined symbol LSM303DLHC_TIMEOUT_UserCallback (referred from stm32f3_discovery_lsm303dlhc.o).
..\objects\ucosii_template.axf: Error: L6218E: Undefined symbol OSInitHookBegin (referred from ucos_ii.o).
..\objects\ucosii_template.axf: Error: L6218E: Undefined symbol OSInitHookEnd (referred from ucos_ii.o).
..\objects\ucosii_template.axf: Error: L6218E: Undefined symbol OSTCBInitHook (referred from ucos_ii.o).
..\objects\ucosii_template.axf: Error: L6218E: Undefined symbol OSTaskCreateHook (referred from ucos_ii.o).
..\objects\ucosii_template.axf: Error: L6218E: Undefined symbol OSTaskDelHook (referred from ucos_ii.o).
..\objects\ucosii_template.axf: Error: L6218E: Undefined symbol OSTaskIdleHook (referred from ucos_ii.o).
..\objects\ucosii_template.axf: Error: L6218E: Undefined symbol OSTaskReturnHook (referred from ucos_ii.o).
..\objects\ucosii_template.axf: Error: L6218E: Undefined symbol OSTaskStatHook (referred from ucos_ii.o).
..\objects\ucosii_template.axf: Error: L6218E: Undefined symbol OSTaskStkInit (referred from ucos_ii.o).
..\objects\ucosii_template.axf: Error: L6218E: Undefined symbol OSTaskSwHook (referred from os_cpu_a.o).
..\objects\ucosii_template.axf: Error: L6218E: Undefined symbol OS_CPU_ExceptStkBase (referred from os_cpu_a.o).
Target not created
Clean started: Project: 'ucosii_template'
   deleting intermediate output files for target 'Target 1'
Build target 'Target 1'
assembling startup_stm32f30x.s...
compiling app.c...
compiling app_hooks.c...
compiling bsp.c...
compiling leds.c...
compiling main.c...
compiling stm32f30x_it.c...
compiling task1.c...
compiling stm32f3_discovery.c...
compiling syscalls.c...
compiling system_stm32f30x.c...
compiling stm32f30x_adc.c...
compiling stm32f30x_can.c...
compiling stm32f30x_comp.c...
compiling stm32f30x_crc.c...
compiling stm32f30x_dac.c...
compiling stm32f30x_dbgmcu.c...
compiling stm32f30x_dma.c...
compiling stm32f30x_exti.c...
compiling stm32f30x_flash.c...
compiling stm32f30x_gpio.c...
compiling stm32f30x_i2c.c...
compiling stm32f30x_iwdg.c...
compiling stm32f30x_misc.c...
compiling stm32f30x_opamp.c...
compiling stm32f30x_pwr.c...
compiling stm32f30x_rcc.c...
compiling stm32f30x_rtc.c...
compiling stm32f30x_spi.c...
compiling stm32f30x_syscfg.c...
compiling stm32f30x_tim.c...
compiling stm32f30x_usart.c...
compiling stm32f30x_wwdg.c...
compiling ucos_ii.c...
assembling os_cpu_a.asm...
compiling lib_ascii.c...
compiling lib_math.c...
compiling lib_mem.c...
compiling lib_str.c...
assembling lib_mem_a.asm...
compiling cpu_core.c...
assembling cpu_a.asm...
compiling cpu_c.c...
linking...
..\objects\ucosii_template.axf: Error: L6218E: Undefined symbol OS_CPU_SysTickInit (referred from task1.o).
..\objects\ucosii_template.axf: Error: L6218E: Undefined symbol OSInitHookBegin (referred from ucos_ii.o).
..\objects\ucosii_template.axf: Error: L6218E: Undefined symbol OSInitHookEnd (referred from ucos_ii.o).
..\objects\ucosii_template.axf: Error: L6218E: Undefined symbol OSTCBInitHook (referred from ucos_ii.o).
..\objects\ucosii_template.axf: Error: L6218E: Undefined symbol OSTaskCreateHook (referred from ucos_ii.o).
..\objects\ucosii_template.axf: Error: L6218E: Undefined symbol OSTaskDelHook (referred from ucos_ii.o).
..\objects\ucosii_template.axf: Error: L6218E: Undefined symbol OSTaskIdleHook (referred from ucos_ii.o).
..\objects\ucosii_template.axf: Error: L6218E: Undefined symbol OSTaskReturnHook (referred from ucos_ii.o).
..\objects\ucosii_template.axf: Error: L6218E: Undefined symbol OSTaskStatHook (referred from ucos_ii.o).
..\objects\ucosii_template.axf: Error: L6218E: Undefined symbol OSTaskStkInit (referred from ucos_ii.o).
..\objects\ucosii_template.axf: Error: L6218E: Undefined symbol OSTaskSwHook (referred from os_cpu_a.o).
..\objects\ucosii_template.axf: Error: L6218E: Undefined symbol OS_CPU_ExceptStkBase (referred from os_cpu_a.o).
Target not created
Build target 'Target 1'
linking...
..\objects\ucosii_template.axf: Error: L6218E: Undefined symbol OS_CPU_SysTickInit (referred from task1.o).
..\objects\ucosii_template.axf: Error: L6218E: Undefined symbol OSInitHookBegin (referred from ucos_ii.o).
..\objects\ucosii_template.axf: Error: L6218E: Undefined symbol OSInitHookEnd (referred from ucos_ii.o).
..\objects\ucosii_template.axf: Error: L6218E: Undefined symbol OSTCBInitHook (referred from ucos_ii.o).
..\objects\ucosii_template.axf: Error: L6218E: Undefined symbol OSTaskCreateHook (referred from ucos_ii.o).
..\objects\ucosii_template.axf: Error: L6218E: Undefined symbol OSTaskDelHook (referred from ucos_ii.o).
..\objects\ucosii_template.axf: Error: L6218E: Undefined symbol OSTaskIdleHook (referred from ucos_ii.o).
..\objects\ucosii_template.axf: Error: L6218E: Undefined symbol OSTaskReturnHook (referred from ucos_ii.o).
..\objects\ucosii_template.axf: Error: L6218E: Undefined symbol OSTaskStatHook (referred from ucos_ii.o).
..\objects\ucosii_template.axf: Error: L6218E: Undefined symbol OSTaskStkInit (referred from ucos_ii.o).
..\objects\ucosii_template.axf: Error: L6218E: Undefined symbol OSTaskSwHook (referred from os_cpu_a.o).
..\objects\ucosii_template.axf: Error: L6218E: Undefined symbol OS_CPU_ExceptStkBase (referred from os_cpu_a.o).
Target not created
Build target 'Target 1'
compiling os_cpu_c.c...
compiling os_dbg.c...
linking...
Program Size: Code=17942 RO-data=682 RW-data=152 ZI-data=7296  
FromELF: creating hex file...
"..\objects\ucosii_template.axf" - 0 Error(s), 0 Warning(s).
Load "..\\objects\\ucosii_template.axf" 
Erase Done.
Programming Done.
Verify OK.
Load "..\\objects\\ucosii_template.axf" 
Erase Done.
Programming Done.
Verify OK.
Build target 'Target 1'
compiling stm32f30x_it.c...
linking...
Program Size: Code=17934 RO-data=682 RW-data=152 ZI-data=7296  
FromELF: creating hex file...
"..\objects\ucosii_template.axf" - 0 Error(s), 0 Warning(s).
Load "..\\objects\\ucosii_template.axf" 
Erase Done.
Programming Done.
Verify OK.
Build target 'Target 1'
assembling startup_stm32f30x.s...
linking...
Program Size: Code=17934 RO-data=682 RW-data=152 ZI-data=7296  
FromELF: creating hex file...
"..\objects\ucosii_template.axf" - 0 Error(s), 0 Warning(s).
Load "..\\objects\\ucosii_template.axf" 
Erase Done.
Programming Done.
Verify OK.
Clean started: Project: 'ucosii_template'
   deleting intermediate output files for target 'Target 1'
