<html>
<body>
<pre>
<h1>µVision Build Log</h1>
<h2>Project:</h2>
C:\Users\tractp1\src\software\experimental\C\STM32\STM32F4\freertos_template\MDK\freertos_template.uvproj
Project File Date:  11/04/2013

<h2>Output:</h2>
Build target 'Target 1'
assembling startup_stm32f40xx.s...
creating preprocessor file for leds.c...
compiling leds.c...
creating preprocessor file for main.c...
compiling main.c...
..\src\main.c(25): warning:  #223-D: function "Timer2_Init" declared implicitly
creating preprocessor file for stm32f4xx_it.c...
compiling stm32f4xx_it.c...
..\src\stm32f4xx_it.c(163): warning:  #177-D: variable "data" was declared but never referenced
creating preprocessor file for task1.c...
compiling task1.c...
..\src\task1.c(26): warning:  #111-D: statement is unreachable
creating preprocessor file for timer2.c...
compiling timer2.c...
creating preprocessor file for syscalls.c...
compiling syscalls.c...
creating preprocessor file for system_stm32f4xx.c...
compiling system_stm32f4xx.c...
creating preprocessor file for misc.c...
compiling misc.c...
creating preprocessor file for stm32f4xx_adc.c...
compiling stm32f4xx_adc.c...
creating preprocessor file for stm32f4xx_can.c...
compiling stm32f4xx_can.c...
creating preprocessor file for stm32f4xx_crc.c...
compiling stm32f4xx_crc.c...
creating preprocessor file for stm32f4xx_cryp.c...
compiling stm32f4xx_cryp.c...
creating preprocessor file for stm32f4xx_cryp_aes.c...
compiling stm32f4xx_cryp_aes.c...
creating preprocessor file for stm32f4xx_cryp_des.c...
compiling stm32f4xx_cryp_des.c...
creating preprocessor file for stm32f4xx_cryp_tdes.c...
compiling stm32f4xx_cryp_tdes.c...
creating preprocessor file for stm32f4xx_dac.c...
compiling stm32f4xx_dac.c...
creating preprocessor file for stm32f4xx_dbgmcu.c...
compiling stm32f4xx_dbgmcu.c...
creating preprocessor file for stm32f4xx_dcmi.c...
compiling stm32f4xx_dcmi.c...
creating preprocessor file for stm32f4xx_dma.c...
compiling stm32f4xx_dma.c...
creating preprocessor file for stm32f4xx_exti.c...
compiling stm32f4xx_exti.c...
creating preprocessor file for stm32f4xx_flash.c...
compiling stm32f4xx_flash.c...
creating preprocessor file for stm32f4xx_fsmc.c...
compiling stm32f4xx_fsmc.c...
creating preprocessor file for stm32f4xx_gpio.c...
compiling stm32f4xx_gpio.c...
creating preprocessor file for stm32f4xx_hash.c...
compiling stm32f4xx_hash.c...
creating preprocessor file for stm32f4xx_hash_md5.c...
compiling stm32f4xx_hash_md5.c...
creating preprocessor file for stm32f4xx_hash_sha1.c...
compiling stm32f4xx_hash_sha1.c...
creating preprocessor file for stm32f4xx_i2c.c...
compiling stm32f4xx_i2c.c...
creating preprocessor file for stm32f4xx_iwdg.c...
compiling stm32f4xx_iwdg.c...
creating preprocessor file for stm32f4xx_pwr.c...
compiling stm32f4xx_pwr.c...
creating preprocessor file for stm32f4xx_rcc.c...
compiling stm32f4xx_rcc.c...
creating preprocessor file for stm32f4xx_rng.c...
compiling stm32f4xx_rng.c...
creating preprocessor file for stm32f4xx_rtc.c...
compiling stm32f4xx_rtc.c...
creating preprocessor file for stm32f4xx_sdio.c...
compiling stm32f4xx_sdio.c...
creating preprocessor file for stm32f4xx_spi.c...
compiling stm32f4xx_spi.c...
creating preprocessor file for stm32f4xx_syscfg.c...
compiling stm32f4xx_syscfg.c...
creating preprocessor file for stm32f4xx_tim.c...
compiling stm32f4xx_tim.c...
creating preprocessor file for stm32f4xx_usart.c...
compiling stm32f4xx_usart.c...
creating preprocessor file for stm32f4xx_wwdg.c...
compiling stm32f4xx_wwdg.c...
creating preprocessor file for croutine.c...
compiling croutine.c...
creating preprocessor file for list.c...
compiling list.c...
creating preprocessor file for queue.c...
compiling queue.c...
creating preprocessor file for tasks.c...
compiling tasks.c...
creating preprocessor file for timers.c...
compiling timers.c...
creating preprocessor file for port.c...
compiling port.c...
creating preprocessor file for heap_2.c...
compiling heap_2.c...
linking...
Program Size: Code=12268 RO-data=424 RW-data=128 ZI-data=5320  
FromELF: creating hex file...
"..\objects\freertos_template.axf" - 0 Errors, 3 Warning(s).
Load "..\\objects\\freertos_template.axf" 
Erase Done.
Programming Done.
Verify OK.
Rebuild target 'Target 1'
assembling startup_stm32f40xx.s...
creating preprocessor file for leds.c...
compiling leds.c...
creating preprocessor file for main.c...
compiling main.c...
..\src\main.c(25): warning:  #223-D: function "Timer2_Init" declared implicitly
creating preprocessor file for stm32f4xx_it.c...
compiling stm32f4xx_it.c...
..\src\stm32f4xx_it.c(163): warning:  #177-D: variable "data" was declared but never referenced
creating preprocessor file for task1.c...
compiling task1.c...
..\src\task1.c(26): warning:  #111-D: statement is unreachable
creating preprocessor file for timer2.c...
compiling timer2.c...
creating preprocessor file for syscalls.c...
compiling syscalls.c...
creating preprocessor file for system_stm32f4xx.c...
compiling system_stm32f4xx.c...
creating preprocessor file for misc.c...
compiling misc.c...
creating preprocessor file for stm32f4xx_adc.c...
compiling stm32f4xx_adc.c...
creating preprocessor file for stm32f4xx_can.c...
compiling stm32f4xx_can.c...
creating preprocessor file for stm32f4xx_crc.c...
compiling stm32f4xx_crc.c...
creating preprocessor file for stm32f4xx_cryp.c...
compiling stm32f4xx_cryp.c...
creating preprocessor file for stm32f4xx_cryp_aes.c...
compiling stm32f4xx_cryp_aes.c...
creating preprocessor file for stm32f4xx_cryp_des.c...
compiling stm32f4xx_cryp_des.c...
creating preprocessor file for stm32f4xx_cryp_tdes.c...
compiling stm32f4xx_cryp_tdes.c...
creating preprocessor file for stm32f4xx_dac.c...
compiling stm32f4xx_dac.c...
creating preprocessor file for stm32f4xx_dbgmcu.c...
compiling stm32f4xx_dbgmcu.c...
creating preprocessor file for stm32f4xx_dcmi.c...
compiling stm32f4xx_dcmi.c...
creating preprocessor file for stm32f4xx_dma.c...
compiling stm32f4xx_dma.c...
creating preprocessor file for stm32f4xx_exti.c...
compiling stm32f4xx_exti.c...
creating preprocessor file for stm32f4xx_flash.c...
compiling stm32f4xx_flash.c...
creating preprocessor file for stm32f4xx_fsmc.c...
compiling stm32f4xx_fsmc.c...
creating preprocessor file for stm32f4xx_gpio.c...
compiling stm32f4xx_gpio.c...
creating preprocessor file for stm32f4xx_hash.c...
compiling stm32f4xx_hash.c...
creating preprocessor file for stm32f4xx_hash_md5.c...
compiling stm32f4xx_hash_md5.c...
creating preprocessor file for stm32f4xx_hash_sha1.c...
compiling stm32f4xx_hash_sha1.c...
creating preprocessor file for stm32f4xx_i2c.c...
compiling stm32f4xx_i2c.c...
creating preprocessor file for stm32f4xx_iwdg.c...
compiling stm32f4xx_iwdg.c...
creating preprocessor file for stm32f4xx_pwr.c...
compiling stm32f4xx_pwr.c...
creating preprocessor file for stm32f4xx_rcc.c...
compiling stm32f4xx_rcc.c...
creating preprocessor file for stm32f4xx_rng.c...
compiling stm32f4xx_rng.c...
creating preprocessor file for stm32f4xx_rtc.c...
compiling stm32f4xx_rtc.c...
creating preprocessor file for stm32f4xx_sdio.c...
compiling stm32f4xx_sdio.c...
creating preprocessor file for stm32f4xx_spi.c...
compiling stm32f4xx_spi.c...
creating preprocessor file for stm32f4xx_syscfg.c...
compiling stm32f4xx_syscfg.c...
creating preprocessor file for stm32f4xx_tim.c...
compiling stm32f4xx_tim.c...
creating preprocessor file for stm32f4xx_usart.c...
compiling stm32f4xx_usart.c...
creating preprocessor file for stm32f4xx_wwdg.c...
compiling stm32f4xx_wwdg.c...
creating preprocessor file for croutine.c...
compiling croutine.c...
creating preprocessor file for list.c...
compiling list.c...
creating preprocessor file for queue.c...
compiling queue.c...
creating preprocessor file for tasks.c...
compiling tasks.c...
creating preprocessor file for timers.c...
compiling timers.c...
creating preprocessor file for port.c...
compiling port.c...
creating preprocessor file for heap_2.c...
compiling heap_2.c...
linking...
Program Size: Code=12268 RO-data=424 RW-data=128 ZI-data=5320  
FromELF: creating hex file...
"..\objects\freertos_template.axf" - 0 Errors, 3 Warning(s).
Load "..\\objects\\freertos_template.axf" 
Erase Done.
Programming Done.
Verify OK.
Rebuild target 'Target 1'
assembling startup_stm32f40xx.s...
creating preprocessor file for leds.c...
compiling leds.c...
creating preprocessor file for main.c...
compiling main.c...
..\src\main.c(25): warning:  #223-D: function "Timer2_Init" declared implicitly
creating preprocessor file for stm32f4xx_it.c...
compiling stm32f4xx_it.c...
..\src\stm32f4xx_it.c(163): warning:  #177-D: variable "data" was declared but never referenced
creating preprocessor file for task1.c...
compiling task1.c...
..\src\task1.c(26): warning:  #111-D: statement is unreachable
creating preprocessor file for timer2.c...
compiling timer2.c...
creating preprocessor file for syscalls.c...
compiling syscalls.c...
creating preprocessor file for system_stm32f4xx.c...
compiling system_stm32f4xx.c...
creating preprocessor file for misc.c...
compiling misc.c...
creating preprocessor file for stm32f4xx_adc.c...
compiling stm32f4xx_adc.c...
creating preprocessor file for stm32f4xx_can.c...
compiling stm32f4xx_can.c...
creating preprocessor file for stm32f4xx_crc.c...
compiling stm32f4xx_crc.c...
creating preprocessor file for stm32f4xx_cryp.c...
compiling stm32f4xx_cryp.c...
creating preprocessor file for stm32f4xx_cryp_aes.c...
compiling stm32f4xx_cryp_aes.c...
creating preprocessor file for stm32f4xx_cryp_des.c...
compiling stm32f4xx_cryp_des.c...
creating preprocessor file for stm32f4xx_cryp_tdes.c...
compiling stm32f4xx_cryp_tdes.c...
creating preprocessor file for stm32f4xx_dac.c...
compiling stm32f4xx_dac.c...
creating preprocessor file for stm32f4xx_dbgmcu.c...
compiling stm32f4xx_dbgmcu.c...
creating preprocessor file for stm32f4xx_dcmi.c...
compiling stm32f4xx_dcmi.c...
creating preprocessor file for stm32f4xx_dma.c...
compiling stm32f4xx_dma.c...
creating preprocessor file for stm32f4xx_exti.c...
compiling stm32f4xx_exti.c...
creating preprocessor file for stm32f4xx_flash.c...
compiling stm32f4xx_flash.c...
creating preprocessor file for stm32f4xx_fsmc.c...
compiling stm32f4xx_fsmc.c...
creating preprocessor file for stm32f4xx_gpio.c...
compiling stm32f4xx_gpio.c...
creating preprocessor file for stm32f4xx_hash.c...
compiling stm32f4xx_hash.c...
creating preprocessor file for stm32f4xx_hash_md5.c...
compiling stm32f4xx_hash_md5.c...
creating preprocessor file for stm32f4xx_hash_sha1.c...
compiling stm32f4xx_hash_sha1.c...
creating preprocessor file for stm32f4xx_i2c.c...
compiling stm32f4xx_i2c.c...
creating preprocessor file for stm32f4xx_iwdg.c...
compiling stm32f4xx_iwdg.c...
creating preprocessor file for stm32f4xx_pwr.c...
compiling stm32f4xx_pwr.c...
creating preprocessor file for stm32f4xx_rcc.c...
compiling stm32f4xx_rcc.c...
creating preprocessor file for stm32f4xx_rng.c...
compiling stm32f4xx_rng.c...
creating preprocessor file for stm32f4xx_rtc.c...
compiling stm32f4xx_rtc.c...
creating preprocessor file for stm32f4xx_sdio.c...
compiling stm32f4xx_sdio.c...
creating preprocessor file for stm32f4xx_spi.c...
compiling stm32f4xx_spi.c...
creating preprocessor file for stm32f4xx_syscfg.c...
compiling stm32f4xx_syscfg.c...
creating preprocessor file for stm32f4xx_tim.c...
compiling stm32f4xx_tim.c...
creating preprocessor file for stm32f4xx_usart.c...
compiling stm32f4xx_usart.c...
creating preprocessor file for stm32f4xx_wwdg.c...
compiling stm32f4xx_wwdg.c...
creating preprocessor file for croutine.c...
compiling croutine.c...
creating preprocessor file for list.c...
compiling list.c...
creating preprocessor file for queue.c...
compiling queue.c...
creating preprocessor file for tasks.c...
compiling tasks.c...
creating preprocessor file for timers.c...
compiling timers.c...
creating preprocessor file for port.c...
compiling port.c...
creating preprocessor file for heap_2.c...
compiling heap_2.c...
linking...
Program Size: Code=12268 RO-data=424 RW-data=128 ZI-data=5320  
FromELF: creating hex file...
"..\objects\freertos_template.axf" - 0 Errors, 3 Warning(s).
Load "..\\objects\\freertos_template.axf" 
Erase Done.
Programming Done.
Verify OK.
