Archive member included because of file (symbol)

c:/program files (x86)/atollic/truestudio for arm pro 3.2.0/armtools/bin/../lib/gcc/arm-atollic-eabi/4.6.2/thumb/softfp/armv7e-m/fpv4-sp-d16\libgcc.a(_aeabi_uldivmod.o)
                              BSP\bsp.o (__aeabi_uldivmod)
c:/program files (x86)/atollic/truestudio for arm pro 3.2.0/armtools/bin/../lib/gcc/arm-atollic-eabi/4.6.2/thumb/softfp/armv7e-m/fpv4-sp-d16\libgcc.a(bpabi.o)
                              c:/program files (x86)/atollic/truestudio for arm pro 3.2.0/armtools/bin/../lib/gcc/arm-atollic-eabi/4.6.2/thumb/softfp/armv7e-m/fpv4-sp-d16\libgcc.a(_aeabi_uldivmod.o) (__gnu_uldivmod_helper)
c:/program files (x86)/atollic/truestudio for arm pro 3.2.0/armtools/bin/../lib/gcc/arm-atollic-eabi/4.6.2/thumb/softfp/armv7e-m/fpv4-sp-d16\libgcc.a(unwind-arm.o)
                              c:/program files (x86)/atollic/truestudio for arm pro 3.2.0/armtools/bin/../lib/gcc/arm-atollic-eabi/4.6.2/thumb/softfp/armv7e-m/fpv4-sp-d16\libgcc.a(bpabi.o) (__aeabi_unwind_cpp_pr0)
c:/program files (x86)/atollic/truestudio for arm pro 3.2.0/armtools/bin/../lib/gcc/arm-atollic-eabi/4.6.2/thumb/softfp/armv7e-m/fpv4-sp-d16\libgcc.a(libunwind.o)
                              c:/program files (x86)/atollic/truestudio for arm pro 3.2.0/armtools/bin/../lib/gcc/arm-atollic-eabi/4.6.2/thumb/softfp/armv7e-m/fpv4-sp-d16\libgcc.a(unwind-arm.o) (restore_core_regs)
c:/program files (x86)/atollic/truestudio for arm pro 3.2.0/armtools/bin/../lib/gcc/arm-atollic-eabi/4.6.2/thumb/softfp/armv7e-m/fpv4-sp-d16\libgcc.a(pr-support.o)
                              c:/program files (x86)/atollic/truestudio for arm pro 3.2.0/armtools/bin/../lib/gcc/arm-atollic-eabi/4.6.2/thumb/softfp/armv7e-m/fpv4-sp-d16\libgcc.a(unwind-arm.o) (__gnu_unwind_execute)
c:/program files (x86)/atollic/truestudio for arm pro 3.2.0/armtools/bin/../lib/gcc/arm-atollic-eabi/4.6.2/thumb/softfp/armv7e-m/fpv4-sp-d16\libgcc.a(_dvmd_tls.o)
                              c:/program files (x86)/atollic/truestudio for arm pro 3.2.0/armtools/bin/../lib/gcc/arm-atollic-eabi/4.6.2/thumb/softfp/armv7e-m/fpv4-sp-d16\libgcc.a(_aeabi_uldivmod.o) (__aeabi_ldiv0)
c:/program files (x86)/atollic/truestudio for arm pro 3.2.0/armtools/bin/../lib/gcc/arm-atollic-eabi/4.6.2/thumb/softfp/armv7e-m/fpv4-sp-d16\libgcc.a(_divdi3.o)
                              c:/program files (x86)/atollic/truestudio for arm pro 3.2.0/armtools/bin/../lib/gcc/arm-atollic-eabi/4.6.2/thumb/softfp/armv7e-m/fpv4-sp-d16\libgcc.a(bpabi.o) (__divdi3)
c:/program files (x86)/atollic/truestudio for arm pro 3.2.0/armtools/bin/../lib/gcc/arm-atollic-eabi/4.6.2/thumb/softfp/armv7e-m/fpv4-sp-d16\libgcc.a(_udivdi3.o)
                              c:/program files (x86)/atollic/truestudio for arm pro 3.2.0/armtools/bin/../lib/gcc/arm-atollic-eabi/4.6.2/thumb/softfp/armv7e-m/fpv4-sp-d16\libgcc.a(bpabi.o) (__udivdi3)
c:/program files (x86)/atollic/truestudio for arm pro 3.2.0/armtools/bin/../lib/gcc/arm-atollic-eabi/4.6.2/../../../../arm-atollic-eabi/lib/thumb/softfp/armv7e-m/fpv4-sp-d16\libc.a(lib_a-abort.o)
                              c:/program files (x86)/atollic/truestudio for arm pro 3.2.0/armtools/bin/../lib/gcc/arm-atollic-eabi/4.6.2/thumb/softfp/armv7e-m/fpv4-sp-d16\libgcc.a(unwind-arm.o) (abort)
c:/program files (x86)/atollic/truestudio for arm pro 3.2.0/armtools/bin/../lib/gcc/arm-atollic-eabi/4.6.2/../../../../arm-atollic-eabi/lib/thumb/softfp/armv7e-m/fpv4-sp-d16\libc.a(lib_a-init.o)
                              BSP\TrueSTUDIO\cstartup.o (__libc_init_array)
c:/program files (x86)/atollic/truestudio for arm pro 3.2.0/armtools/bin/../lib/gcc/arm-atollic-eabi/4.6.2/../../../../arm-atollic-eabi/lib/thumb/softfp/armv7e-m/fpv4-sp-d16\libc.a(lib_a-memcpy.o)
                              c:/program files (x86)/atollic/truestudio for arm pro 3.2.0/armtools/bin/../lib/gcc/arm-atollic-eabi/4.6.2/thumb/softfp/armv7e-m/fpv4-sp-d16\libgcc.a(unwind-arm.o) (memcpy)
c:/program files (x86)/atollic/truestudio for arm pro 3.2.0/armtools/bin/../lib/gcc/arm-atollic-eabi/4.6.2/../../../../arm-atollic-eabi/lib/thumb/softfp/armv7e-m/fpv4-sp-d16\libc.a(lib_a-signal.o)
                              c:/program files (x86)/atollic/truestudio for arm pro 3.2.0/armtools/bin/../lib/gcc/arm-atollic-eabi/4.6.2/../../../../arm-atollic-eabi/lib/thumb/softfp/armv7e-m/fpv4-sp-d16\libc.a(lib_a-abort.o) (raise)
c:/program files (x86)/atollic/truestudio for arm pro 3.2.0/armtools/bin/../lib/gcc/arm-atollic-eabi/4.6.2/../../../../arm-atollic-eabi/lib/thumb/softfp/armv7e-m/fpv4-sp-d16\libc.a(lib_a-signalr.o)
                              c:/program files (x86)/atollic/truestudio for arm pro 3.2.0/armtools/bin/../lib/gcc/arm-atollic-eabi/4.6.2/../../../../arm-atollic-eabi/lib/thumb/softfp/armv7e-m/fpv4-sp-d16\libc.a(lib_a-signal.o) (_kill_r)
[...]
Memory Configuration

Name             Origin             Length             Attributes
FLASH            0x08000000         0x00100000         xr
RAM              0x20000000         0x00020000         xrw
MEMORY_B1        0x60000000         0x00000000         xr
CCMRAM           0x10000000         0x00010000         rw
*default*        0x00000000         0xffffffff

Linker script and memory map

LOAD c:/program files (x86)/atollic/truestudio for arm pro 3.2.0/armtools/bin/../lib/gcc/arm-atollic-eabi/4.6.2/thumb/softfp/armv7e-m/fpv4-sp-d16/crti.o
LOAD c:/program files (x86)/atollic/truestudio for arm pro 3.2.0/armtools/bin/../lib/gcc/arm-atollic-eabi/4.6.2/thumb/softfp/armv7e-m/fpv4-sp-d16/crtbegin.o
LOAD uCOS-II\Source\os_tmr.o
LOAD uCOS-II\Source\os_time.o
LOAD uCOS-II\Source\os_task.o
LOAD uCOS-II\Source\os_sem.o
LOAD uCOS-II\Source\os_q.o
LOAD uCOS-II\Source\os_mutex.o
LOAD uCOS-II\Source\os_mem.o
LOAD uCOS-II\Source\os_mbox.o
LOAD uCOS-II\Source\os_flag.o
LOAD uCOS-II\Source\os_core.o
LOAD uCOS-II\Ports\ARM-Cortex-M4\Generic\GNU\os_dbg.o
LOAD uCOS-II\Ports\ARM-Cortex-M4\Generic\GNU\os_cpu_c.o
LOAD uCOS-II\Ports\ARM-Cortex-M4\Generic\GNU\os_cpu_a.o
LOAD uC-Serial\Source\serial_buf.o
LOAD uC-Serial\Source\serial.o
LOAD uC-Serial\OS\uCOS-II\serial_os.o
LOAD uC-Serial\Line\serial_line_tty.o
LOAD uC-Serial\Line\serial_line_probe.o
LOAD uC-Serial\Line\serial_line_dflt.o
LOAD uC-Serial\Driver\ST\serial_drv_stm32.o
LOAD uC-Serial\Driver\ST\STM3240x\serial_bsp_stm3240x.o
LOAD uC-LIB\lib_str.o
LOAD uC-LIB\lib_mem.o
LOAD uC-LIB\lib_math.o
LOAD uC-LIB\lib_ascii.o
LOAD uC-CPU\cpu_core.o
LOAD uC-CPU\ARM-Cortex-M4\GNU\cpu_c.o
LOAD uC-CPU\ARM-Cortex-M4\GNU\cpu_a.o
LOAD BSP\bsp_periph.o
LOAD BSP\bsp_int.o
LOAD BSP\bsp.o
LOAD BSP\TrueSTUDIO\cstartup.o
LOAD BSP\ST\STM32Fxx\src\stm32f4xx_wwdg.o
LOAD BSP\ST\STM32Fxx\src\stm32f4xx_usart.o
LOAD BSP\ST\STM32Fxx\src\stm32f4xx_tim.o
LOAD BSP\ST\STM32Fxx\src\stm32f4xx_syscfg.o
LOAD BSP\ST\STM32Fxx\src\stm32f4xx_spi.o
LOAD BSP\ST\STM32Fxx\src\stm32f4xx_sdio.o
LOAD BSP\ST\STM32Fxx\src\stm32f4xx_rtc.o
LOAD BSP\ST\STM32Fxx\src\stm32f4xx_rng.o
LOAD BSP\ST\STM32Fxx\src\stm32f4xx_rcc.o
LOAD BSP\ST\STM32Fxx\src\stm32f4xx_pwr.o
LOAD BSP\ST\STM32Fxx\src\stm32f4xx_iwdg.o
LOAD BSP\ST\STM32Fxx\src\stm32f4xx_i2c.o
LOAD BSP\ST\STM32Fxx\src\stm32f4xx_hash_sha1.o
LOAD BSP\ST\STM32Fxx\src\stm32f4xx_hash_md5.o
LOAD BSP\ST\STM32Fxx\src\stm32f4xx_hash.o
LOAD BSP\ST\STM32Fxx\src\stm32f4xx_gpio.o
LOAD BSP\ST\STM32Fxx\src\stm32f4xx_fsmc.o
LOAD BSP\ST\STM32Fxx\src\stm32f4xx_flash.o
LOAD BSP\ST\STM32Fxx\src\stm32f4xx_exti.o
LOAD BSP\ST\STM32Fxx\src\stm32f4xx_dma.o
LOAD BSP\ST\STM32Fxx\src\stm32f4xx_dcmi.o
LOAD BSP\ST\STM32Fxx\src\stm32f4xx_dbgmcu.o
LOAD BSP\ST\STM32Fxx\src\stm32f4xx_dac.o
LOAD BSP\ST\STM32Fxx\src\stm32f4xx_cryp_tdes.o
LOAD BSP\ST\STM32Fxx\src\stm32f4xx_cryp_des.o
LOAD BSP\ST\STM32Fxx\src\stm32f4xx_cryp_aes.o
LOAD BSP\ST\STM32Fxx\src\stm32f4xx_cryp.o
LOAD BSP\ST\STM32Fxx\src\stm32f4xx_crc.o
LOAD BSP\ST\STM32Fxx\src\stm32f4xx_can.o
LOAD BSP\ST\STM32Fxx\src\stm32f4xx_adc.o
LOAD BSP\ST\STM32Fxx\src\misc.o
LOAD BSP\OS\bsp_os.o
LOAD APP\app_serial.o
LOAD APP\app_hooks.o
LOAD APP\app.o
                0x00001000                malloc_getpagesize_P = 0x1000
START GROUP
LOAD c:/program files (x86)/atollic/truestudio for arm pro 3.2.0/armtools/bin/../lib/gcc/arm-atollic-eabi/4.6.2/thumb/softfp/armv7e-m/fpv4-sp-d16\libgcc.a
LOAD c:/program files (x86)/atollic/truestudio for arm pro 3.2.0/armtools/bin/../lib/gcc/arm-atollic-eabi/4.6.2/../../../../arm-atollic-eabi/lib/thumb/softfp/armv7e-m/fpv4-sp-d16\libc.a
END GROUP
LOAD c:/program files (x86)/atollic/truestudio for arm pro 3.2.0/armtools/bin/../lib/gcc/arm-atollic-eabi/4.6.2/thumb/softfp/armv7e-m/fpv4-sp-d16/crtend.o
LOAD c:/program files (x86)/atollic/truestudio for arm pro 3.2.0/armtools/bin/../lib/gcc/arm-atollic-eabi/4.6.2/thumb/softfp/armv7e-m/fpv4-sp-d16/crtn.o
                0x20020000                _estack = 0x20020000
                0x00000000                _Min_Heap_Size = 0x0
                0x00000400                _Min_Stack_Size = 0x400

.isr_vector     0x08000000      0x188
                0x08000000                . = ALIGN (0x4)
 *(.isr_vector)
 .isr_vector    0x08000000      0x188 BSP\TrueSTUDIO\cstartup.o
                0x08000000                g_pfnVectors
                0x08000188                . = ALIGN (0x4)

.text           0x08000188     0xcd38
                0x08000188                . = ALIGN (0x4)
 *(.text)
 .text          0x08000188       0x54 c:/program files (x86)/atollic/truestudio for arm pro 3.2.0/armtools/bin/../lib/gcc/arm-atollic-eabi/4.6.2/thumb/softfp/armv7e-m/fpv4-sp-d16/crtbegin.o
 .text          0x080001dc       0xb0 uCOS-II\Ports\ARM-Cortex-M4\Generic\GNU\os_cpu_a.o
                0x080001dc                OS_CPU_SR_Save
                0x080001e4                OS_CPU_SR_Restore
                0x080001ea                OSStartHighRdy
                0x0800020e                OSCtxSw
                0x08000216                OSIntCtxSw
                0x0800021e                OS_CPU_PendSVHandler
 .text          0x0800028c       0x34 uC-CPU\ARM-Cortex-M4\GNU\cpu_a.o
                0x0800028c                CPU_IntDis
                0x08000290                CPU_IntEn
                0x08000294                CPU_SR_Save
                0x0800029c                CPU_SR_Restore
                0x080002a2                CPU_WaitForInt
                0x080002a6                CPU_WaitForExcept
                0x080002aa                CPU_CntLeadZeros
                0x080002b0                CPU_CntTrailZeros
                0x080002ba                CPU_RevBits
 .text          0x080002c0       0x2c c:/program files (x86)/atollic/truestudio for arm pro 3.2.0/armtools/bin/../lib/gcc/arm-atollic-eabi/4.6.2/thumb/softfp/armv7e-m/fpv4-sp-d16\libgcc.a(_aeabi_uldivmod.o)
                0x080002c0                __aeabi_uldivmod
 .text          0x080002ec       0x58 c:/program files (x86)/atollic/truestudio for arm pro 3.2.0/armtools/bin/../lib/gcc/arm-atollic-eabi/4.6.2/thumb/softfp/armv7e-m/fpv4-sp-d16\libgcc.a(bpabi.o)
                0x080002ec                __gnu_ldivmod_helper
                0x08000318                __gnu_uldivmod_helper
 .text          0x08000344      0xb54 c:/program files (x86)/atollic/truestudio for arm pro 3.2.0/armtools/bin/../lib/gcc/arm-atollic-eabi/4.6.2/thumb/softfp/armv7e-m/fpv4-sp-d16\libgcc.a(unwind-arm.o)
                0x080005ec                _Unwind_VRS_Get
                0x0800062c                _Unwind_VRS_Set
                0x0800098c                __aeabi_unwind_cpp_pr2
                0x08000990                __aeabi_unwind_cpp_pr1
                0x08000994                __aeabi_unwind_cpp_pr0
                0x08000998                _Unwind_VRS_Pop
                0x08000d4c                _Unwind_GetCFA
                0x08000d50                __gnu_Unwind_RaiseException
                0x08000db0                __gnu_Unwind_ForcedUnwind
                0x08000dc4                __gnu_Unwind_Resume
                0x08000e00                __gnu_Unwind_Resume_or_Rethrow
                0x08000e10                _Unwind_Complete
                0x08000e14                _Unwind_DeleteException
                0x08000e24                __gnu_Unwind_Backtrace
 .text          0x08000e98      0x1ac c:/program files (x86)/atollic/truestudio for arm pro 3.2.0/armtools/bin/../lib/gcc/arm-atollic-eabi/4.6.2/thumb/softfp/armv7e-m/fpv4-sp-d16\libgcc.a(libunwind.o)
                0x08000e98                __restore_core_regs
                0x08000e98                restore_core_regs
                0x08000eb0                __gnu_Unwind_Restore_VFP
                0x08000eb8                __gnu_Unwind_Save_VFP
                0x08000ec0                __gnu_Unwind_Restore_VFP_D
                0x08000ec8                __gnu_Unwind_Save_VFP_D
                0x08000ed0                __gnu_Unwind_Restore_VFP_D_16_to_31
                0x08000ed8                __gnu_Unwind_Save_VFP_D_16_to_31
                0x08000ee0                __gnu_Unwind_Restore_WMMXD
                0x08000f24                __gnu_Unwind_Save_WMMXD
                0x08000f68                __gnu_Unwind_Restore_WMMXC
                0x08000f7c                __gnu_Unwind_Save_WMMXC
                0x08000f90                ___Unwind_RaiseException
                0x08000f90                _Unwind_RaiseException
                0x08000fb4                _Unwind_Resume
                0x08000fb4                ___Unwind_Resume
                0x08000fd8                _Unwind_Resume_or_Rethrow
                0x08000fd8                ___Unwind_Resume_or_Rethrow
                0x08000ffc                _Unwind_ForcedUnwind
                0x08000ffc                ___Unwind_ForcedUnwind
                0x08001020                ___Unwind_Backtrace
                0x08001020                _Unwind_Backtrace
 .text          0x08001044      0x374 c:/program files (x86)/atollic/truestudio for arm pro 3.2.0/armtools/bin/../lib/gcc/arm-atollic-eabi/4.6.2/thumb/softfp/armv7e-m/fpv4-sp-d16\libgcc.a(pr-support.o)
                0x08001098                __gnu_unwind_execute
                0x08001360                __gnu_unwind_frame
                0x08001388                _Unwind_GetRegionStart
                0x08001394                _Unwind_GetLanguageSpecificData
                0x080013a8                _Unwind_GetDataRelBase
                0x080013b0                _Unwind_GetTextRelBase
 .text          0x080013b8        0x4 c:/program files (x86)/atollic/truestudio for arm pro 3.2.0/armtools/bin/../lib/gcc/arm-atollic-eabi/4.6.2/thumb/softfp/armv7e-m/fpv4-sp-d16\libgcc.a(_dvmd_tls.o)
                0x080013b8                __aeabi_idiv0
                0x080013b8                __aeabi_ldiv0
 .text          0x080013bc      0x2c0 c:/program files (x86)/atollic/truestudio for arm pro 3.2.0/armtools/bin/../lib/gcc/arm-atollic-eabi/4.6.2/thumb/softfp/armv7e-m/fpv4-sp-d16\libgcc.a(_divdi3.o)
                0x080013bc                __divdi3
 .text          0x0800167c      0x294 c:/program files (x86)/atollic/truestudio for arm pro 3.2.0/armtools/bin/../lib/gcc/arm-atollic-eabi/4.6.2/thumb/softfp/armv7e-m/fpv4-sp-d16\libgcc.a(_udivdi3.o)
                0x0800167c                __udivdi3
 .text          0x08001910      0x370 c:/program files (x86)/atollic/truestudio for arm pro 3.2.0/armtools/bin/../lib/gcc/arm-atollic-eabi/4.6.2/thumb/softfp/armv7e-m/fpv4-sp-d16\libgcc.a(_arm_addsubdf3.o)
                0x08001910                __aeabi_drsub
                0x08001918                __aeabi_dsub
                0x08001918                __subdf3
                0x0800191c                __aeabi_dadd
                0x0800191c                __adddf3
                0x08001b94                __floatunsidf
                0x08001b94                __aeabi_ui2d
                0x08001bb4                __floatsidf
                0x08001bb4                __aeabi_i2d
                0x08001bd8                __aeabi_f2d
                0x08001bd8                __extendsfdf2
                0x08001c14                __floatundidf
                0x08001c14                __aeabi_ul2d
                0x08001c24                __floatdidf
                0x08001c24                __aeabi_l2d
 .text          0x08001c80      0x424 c:/program files (x86)/atollic/truestudio for arm pro 3.2.0/armtools/bin/../lib/gcc/arm-atollic-eabi/4.6.2/thumb/softfp/armv7e-m/fpv4-sp-d16\libgcc.a(_arm_muldivdf3.o)
                0x08001c80                __aeabi_dmul
                0x08001c80                __muldf3
                0x08001ed4                __divdf3
                0x08001ed4                __aeabi_ddiv
 .text          0x080020a4      0x110 c:/program files (x86)/atollic/truestudio for arm pro 3.2.0/armtools/bin/../lib/gcc/arm-atollic-eabi/4.6.2/thumb/softfp/armv7e-m/fpv4-sp-d16\libgcc.a(_arm_cmpdf2.o)
                0x080020a4                __gtdf2
                0x080020a4                __gedf2
                0x080020ac                __ltdf2
                0x080020ac                __ledf2
                0x080020b4                __nedf2
                0x080020b4                __eqdf2
                0x080020b4                __cmpdf2
                0x08002130                __aeabi_cdrcmple
                0x08002140                __aeabi_cdcmpeq
                0x08002140                __aeabi_cdcmple
                0x08002150                __aeabi_dcmpeq
                0x08002164                __aeabi_dcmplt
                0x08002178                __aeabi_dcmple
                0x0800218c                __aeabi_dcmpge
                0x080021a0                __aeabi_dcmpgt
 .text          0x080021b4       0x50 c:/program files (x86)/atollic/truestudio for arm pro 3.2.0/armtools/bin/../lib/gcc/arm-atollic-eabi/4.6.2/thumb/softfp/armv7e-m/fpv4-sp-d16\libgcc.a(_arm_fixdfsi.o)
                0x080021b4                __aeabi_d2iz
                0x080021b4                __fixdfsi
 *(.text*)
 .text.OSTmrSignal
                0x08002204       0x28 uCOS-II\Source\os_tmr.o
                0x08002204                OSTmrSignal
 .text.OSTmr_Init
                0x0800222c      0x190 uCOS-II\Source\os_tmr.o
                0x0800222c                OSTmr_Init
 .text.OSTmr_InitTask
                0x080023bc       0x60 uCOS-II\Source\os_tmr.o
 .text.OSTmr_Link
                0x0800241c       0xdc uCOS-II\Source\os_tmr.o
 .text.OSTmr_Unlink
                0x080024f8       0x9c uCOS-II\Source\os_tmr.o
 .text.OSTmr_Task
                0x08002594       0xd0 uCOS-II\Source\os_tmr.o
 .text.OSTimeDly
                0x08002664       0xdc uCOS-II\Source\os_time.o
                0x08002664                OSTimeDly
 .text.OSTimeDlyHMSM
                0x08002740       0x90 uCOS-II\Source\os_time.o
                0x08002740                OSTimeDlyHMSM
 .text.OSTaskCreateExt
                0x080027d0       0xec uCOS-II\Source\os_task.o
                0x080027d0                OSTaskCreateExt
 .text.OSTaskDel
                0x080028bc      0x25c uCOS-II\Source\os_task.o
                0x080028bc                OSTaskDel
 .text.OSTaskNameSet
                0x08002b18       0xa4 uCOS-II\Source\os_task.o
                0x08002b18                OSTaskNameSet
 .text.OSTaskStkChk
                0x08002bbc       0xe8 uCOS-II\Source\os_task.o
                0x08002bbc                OSTaskStkChk
 .text.OSTaskSuspend
                0x08002ca4      0x120 uCOS-II\Source\os_task.o
                0x08002ca4                OSTaskSuspend
 .text.OS_TaskReturn
                0x08002dc4       0x20 uCOS-II\Source\os_task.o
                0x08002dc4                OS_TaskReturn
 .text.OS_TaskStkClr
                0x08002de4       0x50 uCOS-II\Source\os_task.o
                0x08002de4                OS_TaskStkClr
 .text.OSSemCreate
                0x08002e34       0x9c uCOS-II\Source\os_sem.o
                0x08002e34                OSSemCreate
 .text.OSSemPend
                0x08002ed0      0x178 uCOS-II\Source\os_sem.o
                0x08002ed0                OSSemPend
 .text.OSSemPendAbort
                0x08003048       0xc0 uCOS-II\Source\os_sem.o
                0x08003048                OSSemPendAbort
 .text.OSSemPost
                0x08003108       0x88 uCOS-II\Source\os_sem.o
                0x08003108                OSSemPost
 .text.OSSemSet
                0x08003190       0x6c uCOS-II\Source\os_sem.o
                0x08003190                OSSemSet
 .text.OS_QInit
                0x080031fc       0xb0 uCOS-II\Source\os_q.o
                0x080031fc                OS_QInit
 .text.OS_MemInit
                0x080032ac       0xc0 uCOS-II\Source\os_mem.o
                0x080032ac                OS_MemInit
 .text.OS_FlagInit
                0x0800336c       0xbc uCOS-II\Source\os_flag.o
                0x0800336c                OS_FlagInit
 .text.OS_FlagUnlink
                0x08003428       0x60 uCOS-II\Source\os_flag.o
                0x08003428                OS_FlagUnlink
 .text.OSEventNameSet
                0x08003488       0x68 uCOS-II\Source\os_core.o
                0x08003488                OSEventNameSet
 .text.OSInit   0x080034f0       0x3c uCOS-II\Source\os_core.o
                0x080034f0                OSInit
 .text.OSIntEnter
                0x0800352c       0x40 uCOS-II\Source\os_core.o
                0x0800352c                OSIntEnter
 .text.OSIntExit
                0x0800356c       0xe0 uCOS-II\Source\os_core.o
                0x0800356c                OSIntExit
 .text.OSSchedLock
                0x0800364c       0x68 uCOS-II\Source\os_core.o
                0x0800364c                OSSchedLock
 .text.OSSchedUnlock
                0x080036b4       0x90 uCOS-II\Source\os_core.o
                0x080036b4                OSSchedUnlock
 .text.OSStart  0x08003744       0x68 uCOS-II\Source\os_core.o
                0x08003744                OSStart
 .text.OSStatInit
                0x080037ac       0x70 uCOS-II\Source\os_core.o
                0x080037ac                OSStatInit
 .text.OSTimeTick
                0x0800381c      0x184 uCOS-II\Source\os_core.o
                0x0800381c                OSTimeTick
 .text.OS_Dummy
                0x080039a0        0xc uCOS-II\Source\os_core.o
                0x080039a0                OS_Dummy
 .text.OS_EventTaskRdy
                0x080039ac      0x100 uCOS-II\Source\os_core.o
                0x080039ac                OS_EventTaskRdy
 .text.OS_EventTaskWait
                0x08003aac       0xf4 uCOS-II\Source\os_core.o
                0x08003aac                OS_EventTaskWait
 .text.OS_EventTaskRemove
                0x08003ba0       0x60 uCOS-II\Source\os_core.o
                0x08003ba0                OS_EventTaskRemove
 .text.OS_EventTaskRemoveMulti
                0x08003c00       0x88 uCOS-II\Source\os_core.o
                0x08003c00                OS_EventTaskRemoveMulti
 .text.OS_EventWaitListInit
                0x08003c88       0x3c uCOS-II\Source\os_core.o
                0x08003c88                OS_EventWaitListInit
 .text.OS_InitEventList
                0x08003cc4       0xd8 uCOS-II\Source\os_core.o
 .text.OS_InitMisc
                0x08003d9c       0xa4 uCOS-II\Source\os_core.o
 .text.OS_InitRdyList
                0x08003e40       0x7c uCOS-II\Source\os_core.o
 .text.OS_InitTaskIdle
                0x08003ebc       0x60 uCOS-II\Source\os_core.o
 .text.OS_InitTaskStat
                0x08003f1c       0x60 uCOS-II\Source\os_core.o
 .text.OS_InitTCBList
                0x08003f7c       0xd4 uCOS-II\Source\os_core.o
 .text.OS_MemClr
                0x08004050       0x38 uCOS-II\Source\os_core.o
                0x08004050                OS_MemClr
 .text.OS_Sched
                0x08004088       0xac uCOS-II\Source\os_core.o
                0x08004088                OS_Sched
 .text.OS_SchedNew
                0x08004134       0x58 uCOS-II\Source\os_core.o
 .text.OS_TaskIdle
                0x0800418c       0x3c uCOS-II\Source\os_core.o
                0x0800418c                OS_TaskIdle
 .text.OS_TaskStat
                0x080041c8      0x104 uCOS-II\Source\os_core.o
                0x080041c8                OS_TaskStat
 .text.OS_TaskStatStkChk
                0x080042cc       0x70 uCOS-II\Source\os_core.o
                0x080042cc                OS_TaskStatStkChk
 .text.OS_TCBInit
                0x0800433c      0x254 uCOS-II\Source\os_core.o
                0x0800433c                OS_TCBInit
 .text.OSDebugInit
                0x08004590      0x24c uCOS-II\Ports\ARM-Cortex-M4\Generic\GNU\os_dbg.o
                0x08004590                OSDebugInit
 .text.OSInitHookBegin
                0x080047dc       0x78 uCOS-II\Ports\ARM-Cortex-M4\Generic\GNU\os_cpu_c.o
                0x080047dc                OSInitHookBegin
 .text.OSInitHookEnd
                0x08004854        0xc uCOS-II\Ports\ARM-Cortex-M4\Generic\GNU\os_cpu_c.o
                0x08004854                OSInitHookEnd
 .text.OSTaskCreateHook
                0x08004860       0x18 uCOS-II\Ports\ARM-Cortex-M4\Generic\GNU\os_cpu_c.o
                0x08004860                OSTaskCreateHook
 .text.OSTaskDelHook
                0x08004878       0x18 uCOS-II\Ports\ARM-Cortex-M4\Generic\GNU\os_cpu_c.o
                0x08004878                OSTaskDelHook
 .text.OSTaskIdleHook
                0x08004890        0xc uCOS-II\Ports\ARM-Cortex-M4\Generic\GNU\os_cpu_c.o
                0x08004890                OSTaskIdleHook
 .text.OSTaskReturnHook
                0x0800489c       0x18 uCOS-II\Ports\ARM-Cortex-M4\Generic\GNU\os_cpu_c.o
                0x0800489c                OSTaskReturnHook
 .text.OSTaskStatHook
                0x080048b4        0xc uCOS-II\Ports\ARM-Cortex-M4\Generic\GNU\os_cpu_c.o
                0x080048b4                OSTaskStatHook
 .text.OSTaskStkInit
                0x080048c0      0x12c uCOS-II\Ports\ARM-Cortex-M4\Generic\GNU\os_cpu_c.o
                0x080048c0                OSTaskStkInit
 .text.OSTaskSwHook
                0x080049ec        0xc uCOS-II\Ports\ARM-Cortex-M4\Generic\GNU\os_cpu_c.o
                0x080049ec                OSTaskSwHook
 .text.OSTCBInitHook
                0x080049f8       0x18 uCOS-II\Ports\ARM-Cortex-M4\Generic\GNU\os_cpu_c.o
                0x080049f8                OSTCBInitHook
 .text.OSTimeTickHook
                0x08004a10       0x44 uCOS-II\Ports\ARM-Cortex-M4\Generic\GNU\os_cpu_c.o
                0x08004a10                OSTimeTickHook
 .text.OS_CPU_SysTickHandler
                0x08004a54       0x40 uCOS-II\Ports\ARM-Cortex-M4\Generic\GNU\os_cpu_c.o
                0x08004a54                OS_CPU_SysTickHandler
 .text.OS_CPU_SysTickInit
                0x08004a94       0x74 uCOS-II\Ports\ARM-Cortex-M4\Generic\GNU\os_cpu_c.o
                0x08004a94                OS_CPU_SysTickInit
 .text.SerialBuf_Init
                0x08004b08       0x48 uC-Serial\Source\serial_buf.o
                0x08004b08                SerialBuf_Init
 .text.SerialBuf_Clr
                0x08004b50       0x24 uC-Serial\Source\serial_buf.o
                0x08004b50                SerialBuf_Clr
 .text.SerialBuf_RdOctet
                0x08004b74       0x8c uC-Serial\Source\serial_buf.o
                0x08004b74                SerialBuf_RdOctet
 .text.SerialBuf_WrOctet
                0x08004c00       0x88 uC-Serial\Source\serial_buf.o
                0x08004c00                SerialBuf_WrOctet
 .text.SerialBuf_Cmp
                0x08004c88       0xa0 uC-Serial\Source\serial_buf.o
                0x08004c88                SerialBuf_Cmp
 .text.SerialBuf_IsFull
                0x08004d28       0x2c uC-Serial\Source\serial_buf.o
                0x08004d28                SerialBuf_IsFull
 .text.SerialBuf_Size
                0x08004d54       0x1c uC-Serial\Source\serial_buf.o
                0x08004d54                SerialBuf_Size
 .text.SerialBuf_DataLen
                0x08004d70       0x24 uC-Serial\Source\serial_buf.o
                0x08004d70                SerialBuf_DataLen
 .text.Serial_Init
                0x08004d94       0xc0 uC-Serial\Source\serial.o
                0x08004d94                Serial_Init
 .text.Serial_DevDrvAdd
                0x08004e54      0x32c uC-Serial\Source\serial.o
                0x08004e54                Serial_DevDrvAdd
 .text.Serial_IF_IsValid
                0x08005180       0x8c uC-Serial\Source\serial.o
 .text.Serial_SetLineDrv
                0x0800520c       0xf8 uC-Serial\Source\serial.o
                0x0800520c                Serial_SetLineDrv
 .text.Serial_Open
                0x08005304      0x1a0 uC-Serial\Source\serial.o
                0x08005304                Serial_Open
 .text.Serial_Wr
                0x080054a4      0x130 uC-Serial\Source\serial.o
                0x080054a4                Serial_Wr
 .text.SerialIF_Rx
                0x080055d4      0x23c uC-Serial\Source\serial.o
                0x080055d4                SerialIF_Rx
 .text.SerialIF_Tx
                0x08005810      0x138 uC-Serial\Source\serial.o
                0x08005810                SerialIF_Tx
 .text.SerialIF_TxWrBuf
                0x08005948       0x7c uC-Serial\Source\serial.o
                0x08005948                SerialIF_TxWrBuf
 .text.Serial_IF_Clr
                0x080059c4       0x50 uC-Serial\Source\serial.o
 .text.Serial_IF_RdClr
                0x08005a14       0x40 uC-Serial\Source\serial.o
 .text.Serial_IF_WrClr
                0x08005a54       0x3c uC-Serial\Source\serial.o
 .text.Serial_IF_RxReset
                0x08005a90       0x28 uC-Serial\Source\serial.o
 .text.Serial_IF_RxStop
                0x08005ab8       0x34 uC-Serial\Source\serial.o
 .text.Serial_WrBufInsert
                0x08005aec       0xbc uC-Serial\Source\serial.o
 .text.Serial_WrBufRemove
                0x08005ba8       0xa4 uC-Serial\Source\serial.o
 .text.Serial_WrBufTxStart
                0x08005c4c       0x90 uC-Serial\Source\serial.o
 .text.Serial_WrStart
                0x08005cdc       0x88 uC-Serial\Source\serial.o
 .text.Serial_WrNext
                0x08005d64       0xc0 uC-Serial\Source\serial.o
 .text.Serial_WrEnd
                0x08005e24      0x100 uC-Serial\Source\serial.o
 .text.Serial_WrCallback
                0x08005f24       0x34 uC-Serial\Source\serial.o
 .text.SerialOS_Init
                0x08005f58       0x6c uC-Serial\OS\uCOS-II\serial_os.o
                0x08005f58                SerialOS_Init
 .text.SerialOS_SemCreate
                0x08005fc4       0xa0 uC-Serial\OS\uCOS-II\serial_os.o
                0x08005fc4                SerialOS_SemCreate
 .text.SerialOS_SemDel
                0x08006064       0x7c uC-Serial\OS\uCOS-II\serial_os.o
                0x08006064                SerialOS_SemDel
 .text.SerialOS_SemWait
                0x080060e0       0x70 uC-Serial\OS\uCOS-II\serial_os.o
                0x080060e0                SerialOS_SemWait
 .text.SerialOS_SemSignal
                0x08006150       0x2c uC-Serial\OS\uCOS-II\serial_os.o
                0x08006150                SerialOS_SemSignal
 .text.SerialLine_Open
                0x0800617c       0x8c uC-Serial\Line\serial_line_tty.o
 .text.SerialLine_Close
                0x08006208       0x54 uC-Serial\Line\serial_line_tty.o
 .text.SerialLine_RdOctet
                0x0800625c       0x94 uC-Serial\Line\serial_line_tty.o
 .text.SerialLine_WrOctet
                0x080062f0       0x7c uC-Serial\Line\serial_line_tty.o
 .text.SerialLine_Open
                0x0800636c       0x24 uC-Serial\Line\serial_line_dflt.o
 .text.SerialLine_Close
                0x08006390       0x20 uC-Serial\Line\serial_line_dflt.o
 .text.SerialLine_RdOctet
                0x080063b0       0x3c uC-Serial\Line\serial_line_dflt.o
 .text.SerialLine_WrOctet
                0x080063ec       0x40 uC-Serial\Line\serial_line_dflt.o
 .text.SerialDrv_Init
                0x0800642c       0x1c uC-Serial\Driver\ST\serial_drv_stm32.o
 .text.SerialDrv_Open
                0x08006448      0x238 uC-Serial\Driver\ST\serial_drv_stm32.o
 .text.SerialDrv_Close
                0x08006680       0x5c uC-Serial\Driver\ST\serial_drv_stm32.o
 .text.SerialDrv_RxStart
                0x080066dc       0x38 uC-Serial\Driver\ST\serial_drv_stm32.o
 .text.SerialDrv_RxStop
                0x08006714       0x38 uC-Serial\Driver\ST\serial_drv_stm32.o
 .text.SerialDrv_RxOctet
                0x0800674c       0x50 uC-Serial\Driver\ST\serial_drv_stm32.o
 .text.SerialDrv_TxStart
                0x0800679c       0x38 uC-Serial\Driver\ST\serial_drv_stm32.o
 .text.SerialDrv_TxStop
                0x080067d4       0x38 uC-Serial\Driver\ST\serial_drv_stm32.o
 .text.SerialDrv_TxOctet
                0x0800680c       0x4c uC-Serial\Driver\ST\serial_drv_stm32.o
 .text.SerialDrv_ISR_Handler
                0x08006858       0x80 uC-Serial\Driver\ST\serial_drv_stm32.o
 .text.SerialBSP_STM32_USART3_ClkEn
                0x080068d8       0x20 uC-Serial\Driver\ST\STM3240x\serial_bsp_stm3240x.o
 .text.SerialBSP_STM32_USART3_ClkDis
                0x080068f8       0x20 uC-Serial\Driver\ST\STM3240x\serial_bsp_stm3240x.o
 .text.SerialBSP_STM32_USART3_CfgGPIO
                0x08006918       0xa4 uC-Serial\Driver\ST\STM3240x\serial_bsp_stm3240x.o
 .text.SerialBSP_STM32_USART3_CfgInt
                0x080069bc       0x40 uC-Serial\Driver\ST\STM3240x\serial_bsp_stm3240x.o
 .text.SerialBSP_STM32_USART3_ClkFreqGet
                0x080069fc       0x20 uC-Serial\Driver\ST\STM3240x\serial_bsp_stm3240x.o
 .text.SerialBSP_STM32_USART3_IntHandler
                0x08006a1c       0x30 uC-Serial\Driver\ST\STM3240x\serial_bsp_stm3240x.o
 .text.Str_Len  0x08006a4c       0x24 uC-LIB\lib_str.o
                0x08006a4c                Str_Len
 .text.Str_Len_N
                0x08006a70       0x4c uC-LIB\lib_str.o
                0x08006a70                Str_Len_N
 .text.Str_Cmp  0x08006abc       0x28 uC-LIB\lib_str.o
                0x08006abc                Str_Cmp
 .text.Str_Cmp_N
                0x08006ae4      0x138 uC-LIB\lib_str.o
                0x08006ae4                Str_Cmp_N
 .text.Mem_Init
                0x08006c1c       0xbc uC-LIB\lib_mem.o
                0x08006c1c                Mem_Init
 .text.Mem_Clr  0x08006cd8       0x20 uC-LIB\lib_mem.o
                0x08006cd8                Mem_Clr
 .text.Mem_Set  0x08006cf8       0xe4 uC-LIB\lib_mem.o
                0x08006cf8                Mem_Set
 .text.Mem_HeapAlloc
                0x08006ddc      0x118 uC-LIB\lib_mem.o
                0x08006ddc                Mem_HeapAlloc
 .text.Mem_PoolClr
                0x08006ef4       0xc8 uC-LIB\lib_mem.o
                0x08006ef4                Mem_PoolClr
 .text.Mem_PoolCreate
                0x08006fbc      0x4d8 uC-LIB\lib_mem.o
                0x08006fbc                Mem_PoolCreate
 .text.Mem_PoolBlkGet
                0x08007494      0x104 uC-LIB\lib_mem.o
                0x08007494                Mem_PoolBlkGet
 .text.Mem_PoolBlkFree
                0x08007598      0x18c uC-LIB\lib_mem.o
                0x08007598                Mem_PoolBlkFree
 .text.Mem_PoolBlkIsValidAddr
                0x08007724       0xd0 uC-LIB\lib_mem.o
 .text.Mem_SegCalcTotSize
                0x080077f4      0x130 uC-LIB\lib_mem.o
 .text.Mem_SegAlloc
                0x08007924       0xa8 uC-LIB\lib_mem.o
 .text.Math_Init
                0x080079cc       0x10 uC-LIB\lib_math.o
                0x080079cc                Math_Init
 .text.Math_RandSetSeed
                0x080079dc       0x30 uC-LIB\lib_math.o
                0x080079dc                Math_RandSetSeed
 .text.CPU_Init
                0x08007a0c       0x10 uC-CPU\cpu_core.o
                0x08007a0c                CPU_Init
 .text.CPU_SW_Exception
                0x08007a1c        0x8 uC-CPU\cpu_core.o
                0x08007a1c                CPU_SW_Exception
 .text.CPU_NameClr
                0x08007a24       0x34 uC-CPU\cpu_core.o
                0x08007a24                CPU_NameClr
 .text.CPU_TS_TmrFreqSet
                0x08007a58       0x20 uC-CPU\cpu_core.o
                0x08007a58                CPU_TS_TmrFreqSet
 .text.CPU_NameInit
                0x08007a78        0xc uC-CPU\cpu_core.o
 .text.CPU_TS_Init
                0x08007a84       0x18 uC-CPU\cpu_core.o
 .text.CPU_IntSrcEn
                0x08007a9c      0x198 uC-CPU\ARM-Cortex-M4\GNU\cpu_c.o
                0x08007a9c                CPU_IntSrcEn
 .text.BSP_PeriphClkFreqGet
                0x08007c34      0x2f0 BSP\bsp_periph.o
                0x08007c34                BSP_PeriphClkFreqGet
 .text.BSP_PeriphEn
                0x08007f24      0x328 BSP\bsp_periph.o
                0x08007f24                BSP_PeriphEn
 .text.BSP_PeriphDis
                0x0800824c      0x33c BSP\bsp_periph.o
                0x0800824c                BSP_PeriphDis
 .text.BSP_IntDisAll
                0x08008588        0xc BSP\bsp_int.o
                0x08008588                BSP_IntDisAll
 .text.BSP_IntEn
                0x08008594       0x28 BSP\bsp_int.o
                0x08008594                BSP_IntEn
 .text.BSP_IntVectSet
                0x080085bc       0x3c BSP\bsp_int.o
                0x080085bc                BSP_IntVectSet
 .text.BSP_IntInit
                0x080085f8       0x34 BSP\bsp_int.o
                0x080085f8                BSP_IntInit
 .text.BSP_IntHandlerWWDG
                0x0800862c       0x10 BSP\bsp_int.o
                0x0800862c                BSP_IntHandlerWWDG
 .text.BSP_IntHandlerPVD
                0x0800863c       0x10 BSP\bsp_int.o
                0x0800863c                BSP_IntHandlerPVD
 .text.BSP_IntHandlerTAMP_STAMP
                0x0800864c       0x10 BSP\bsp_int.o
                0x0800864c                BSP_IntHandlerTAMP_STAMP
 .text.BSP_IntHandlerRTC_WKUP
                0x0800865c       0x10 BSP\bsp_int.o
                0x0800865c                BSP_IntHandlerRTC_WKUP
 .text.BSP_IntHandlerFLASH
                0x0800866c       0x10 BSP\bsp_int.o
                0x0800866c                BSP_IntHandlerFLASH
 .text.BSP_IntHandlerRCC
                0x0800867c       0x10 BSP\bsp_int.o
                0x0800867c                BSP_IntHandlerRCC
 .text.BSP_IntHandlerEXTI0
                0x0800868c       0x10 BSP\bsp_int.o
                0x0800868c                BSP_IntHandlerEXTI0
 .text.BSP_IntHandlerEXTI1
                0x0800869c       0x10 BSP\bsp_int.o
                0x0800869c                BSP_IntHandlerEXTI1
 .text.BSP_IntHandlerEXTI2
                0x080086ac       0x10 BSP\bsp_int.o
                0x080086ac                BSP_IntHandlerEXTI2
 .text.BSP_IntHandlerEXTI3
                0x080086bc       0x10 BSP\bsp_int.o
                0x080086bc                BSP_IntHandlerEXTI3
 .text.BSP_IntHandlerEXTI4
                0x080086cc       0x10 BSP\bsp_int.o
                0x080086cc                BSP_IntHandlerEXTI4
 .text.BSP_IntHandlerDMA1_CH0
                0x080086dc       0x10 BSP\bsp_int.o
                0x080086dc                BSP_IntHandlerDMA1_CH0
 .text.BSP_IntHandlerDMA1_CH1
                0x080086ec       0x10 BSP\bsp_int.o
                0x080086ec                BSP_IntHandlerDMA1_CH1
 .text.BSP_IntHandlerDMA1_CH2
                0x080086fc       0x10 BSP\bsp_int.o
                0x080086fc                BSP_IntHandlerDMA1_CH2
 .text.BSP_IntHandlerDMA1_CH3
                0x0800870c       0x10 BSP\bsp_int.o
                0x0800870c                BSP_IntHandlerDMA1_CH3
 .text.BSP_IntHandlerDMA1_CH4
                0x0800871c       0x10 BSP\bsp_int.o
                0x0800871c                BSP_IntHandlerDMA1_CH4
 .text.BSP_IntHandlerDMA1_CH5
                0x0800872c       0x10 BSP\bsp_int.o
                0x0800872c                BSP_IntHandlerDMA1_CH5
 .text.BSP_IntHandlerDMA1_CH6
                0x0800873c       0x10 BSP\bsp_int.o
                0x0800873c                BSP_IntHandlerDMA1_CH6
 .text.BSP_IntHandlerADC
                0x0800874c       0x10 BSP\bsp_int.o
                0x0800874c                BSP_IntHandlerADC
 .text.BSP_IntHandlerCAN1_TX
                0x0800875c       0x10 BSP\bsp_int.o
                0x0800875c                BSP_IntHandlerCAN1_TX
 .text.BSP_IntHandlerCAN1_RX0
                0x0800876c       0x10 BSP\bsp_int.o
                0x0800876c                BSP_IntHandlerCAN1_RX0
 .text.BSP_IntHandlerCAN1_RX1
                0x0800877c       0x10 BSP\bsp_int.o
                0x0800877c                BSP_IntHandlerCAN1_RX1
 .text.BSP_IntHandlerCAN1_SCE
                0x0800878c       0x10 BSP\bsp_int.o
                0x0800878c                BSP_IntHandlerCAN1_SCE
 .text.BSP_IntHandlerEXTI9_5
                0x0800879c       0x10 BSP\bsp_int.o
                0x0800879c                BSP_IntHandlerEXTI9_5
 .text.BSP_IntHandlerTIM1_BRK_TIM9
                0x080087ac       0x10 BSP\bsp_int.o
                0x080087ac                BSP_IntHandlerTIM1_BRK_TIM9
 .text.BSP_IntHandlerTIM1_UP_TIM10
                0x080087bc       0x10 BSP\bsp_int.o
                0x080087bc                BSP_IntHandlerTIM1_UP_TIM10
 .text.BSP_IntHandlerTIM1_TRG_COM_TIM11
                0x080087cc       0x10 BSP\bsp_int.o
                0x080087cc                BSP_IntHandlerTIM1_TRG_COM_TIM11
 .text.BSP_IntHandlerTIM1_CC
                0x080087dc       0x10 BSP\bsp_int.o
                0x080087dc                BSP_IntHandlerTIM1_CC
 .text.BSP_IntHandlerTIM2
                0x080087ec       0x10 BSP\bsp_int.o
                0x080087ec                BSP_IntHandlerTIM2
 .text.BSP_IntHandlerTIM3
                0x080087fc       0x10 BSP\bsp_int.o
                0x080087fc                BSP_IntHandlerTIM3
 .text.BSP_IntHandlerTIM4
                0x0800880c       0x10 BSP\bsp_int.o
                0x0800880c                BSP_IntHandlerTIM4
 .text.BSP_IntHandlerI2C1_EV
                0x0800881c       0x10 BSP\bsp_int.o
                0x0800881c                BSP_IntHandlerI2C1_EV
 .text.BSP_IntHandlerI2C1_ER
                0x0800882c       0x10 BSP\bsp_int.o
                0x0800882c                BSP_IntHandlerI2C1_ER
 .text.BSP_IntHandlerI2C2_EV
                0x0800883c       0x10 BSP\bsp_int.o
                0x0800883c                BSP_IntHandlerI2C2_EV
 .text.BSP_IntHandlerI2C2_ER
                0x0800884c       0x10 BSP\bsp_int.o
                0x0800884c                BSP_IntHandlerI2C2_ER
 .text.BSP_IntHandlerSPI1
                0x0800885c       0x10 BSP\bsp_int.o
                0x0800885c                BSP_IntHandlerSPI1
 .text.BSP_IntHandlerSPI2
                0x0800886c       0x10 BSP\bsp_int.o
                0x0800886c                BSP_IntHandlerSPI2
 .text.BSP_IntHandlerUSART1
                0x0800887c       0x10 BSP\bsp_int.o
                0x0800887c                BSP_IntHandlerUSART1
 .text.BSP_IntHandlerUSART2
                0x0800888c       0x10 BSP\bsp_int.o
                0x0800888c                BSP_IntHandlerUSART2
 .text.BSP_IntHandlerUSART3
                0x0800889c       0x10 BSP\bsp_int.o
                0x0800889c                BSP_IntHandlerUSART3
 .text.BSP_IntHandlerEXTI15_10
                0x080088ac       0x10 BSP\bsp_int.o
                0x080088ac                BSP_IntHandlerEXTI15_10
 .text.BSP_IntHandlerRTCAlarm
                0x080088bc       0x10 BSP\bsp_int.o
                0x080088bc                BSP_IntHandlerRTCAlarm
 .text.BSP_IntHandlerOTG_FS_WKUP
                0x080088cc       0x10 BSP\bsp_int.o
                0x080088cc                BSP_IntHandlerOTG_FS_WKUP
 .text.BSP_IntHandlerTIM8_BRK_TIM12
                0x080088dc       0x10 BSP\bsp_int.o
                0x080088dc                BSP_IntHandlerTIM8_BRK_TIM12
 .text.BSP_IntHandlerTIM8_UP_TIM13
                0x080088ec       0x10 BSP\bsp_int.o
                0x080088ec                BSP_IntHandlerTIM8_UP_TIM13
 .text.BSP_IntHandlerTIM8_TRG_COM_TIM14
                0x080088fc       0x10 BSP\bsp_int.o
                0x080088fc                BSP_IntHandlerTIM8_TRG_COM_TIM14
 .text.BSP_IntHandlerTIM8_CC
                0x0800890c       0x10 BSP\bsp_int.o
                0x0800890c                BSP_IntHandlerTIM8_CC
 .text.BSP_IntHandlerDMA1_STREAM7
                0x0800891c       0x10 BSP\bsp_int.o
                0x0800891c                BSP_IntHandlerDMA1_STREAM7
 .text.BSP_IntHandlerFSMC
                0x0800892c       0x10 BSP\bsp_int.o
                0x0800892c                BSP_IntHandlerFSMC
 .text.BSP_IntHandlerSDIO
                0x0800893c       0x10 BSP\bsp_int.o
                0x0800893c                BSP_IntHandlerSDIO
 .text.BSP_IntHandlerTIM5
                0x0800894c       0x10 BSP\bsp_int.o
                0x0800894c                BSP_IntHandlerTIM5
 .text.BSP_IntHandlerSPI3
                0x0800895c       0x10 BSP\bsp_int.o
                0x0800895c                BSP_IntHandlerSPI3
 .text.BSP_IntHandlerUSART4
                0x0800896c       0x10 BSP\bsp_int.o
                0x0800896c                BSP_IntHandlerUSART4
 .text.BSP_IntHandlerUSART5
                0x0800897c       0x10 BSP\bsp_int.o
                0x0800897c                BSP_IntHandlerUSART5
 .text.BSP_IntHandlerTIM6_DAC
                0x0800898c       0x10 BSP\bsp_int.o
                0x0800898c                BSP_IntHandlerTIM6_DAC
 .text.BSP_IntHandlerTIM7
                0x0800899c       0x10 BSP\bsp_int.o
                0x0800899c                BSP_IntHandlerTIM7
 .text.BSP_IntHandlerDMA2_CH0
                0x080089ac       0x10 BSP\bsp_int.o
                0x080089ac                BSP_IntHandlerDMA2_CH0
 .text.BSP_IntHandlerDMA2_CH1
                0x080089bc       0x10 BSP\bsp_int.o
                0x080089bc                BSP_IntHandlerDMA2_CH1
 .text.BSP_IntHandlerDMA2_CH2
                0x080089cc       0x10 BSP\bsp_int.o
                0x080089cc                BSP_IntHandlerDMA2_CH2
 .text.BSP_IntHandlerDMA2_CH3
                0x080089dc       0x10 BSP\bsp_int.o
                0x080089dc                BSP_IntHandlerDMA2_CH3
 .text.BSP_IntHandlerDMA2_CH4
                0x080089ec       0x10 BSP\bsp_int.o
                0x080089ec                BSP_IntHandlerDMA2_CH4
 .text.BSP_IntHandlerETH
                0x080089fc       0x10 BSP\bsp_int.o
                0x080089fc                BSP_IntHandlerETH
 .text.BSP_IntHandlerETHWakeup
                0x08008a0c       0x10 BSP\bsp_int.o
                0x08008a0c                BSP_IntHandlerETHWakeup
 .text.BSP_IntHandlerCAN2_TX
                0x08008a1c       0x10 BSP\bsp_int.o
                0x08008a1c                BSP_IntHandlerCAN2_TX
 .text.BSP_IntHandlerCAN2_RX0
                0x08008a2c       0x10 BSP\bsp_int.o
                0x08008a2c                BSP_IntHandlerCAN2_RX0
 .text.BSP_IntHandlerCAN2_RX1
                0x08008a3c       0x10 BSP\bsp_int.o
                0x08008a3c                BSP_IntHandlerCAN2_RX1
 .text.BSP_IntHandlerCAN2_SCE
                0x08008a4c       0x10 BSP\bsp_int.o
                0x08008a4c                BSP_IntHandlerCAN2_SCE
 .text.BSP_IntHandlerOTG_FS
                0x08008a5c       0x10 BSP\bsp_int.o
                0x08008a5c                BSP_IntHandlerOTG_FS
 .text.BSP_IntHandlerDMA2_CH5
                0x08008a6c       0x10 BSP\bsp_int.o
                0x08008a6c                BSP_IntHandlerDMA2_CH5
 .text.BSP_IntHandlerDMA2_CH6
                0x08008a7c       0x10 BSP\bsp_int.o
                0x08008a7c                BSP_IntHandlerDMA2_CH6
 .text.BSP_IntHandlerDMA2_CH7
                0x08008a8c       0x10 BSP\bsp_int.o
                0x08008a8c                BSP_IntHandlerDMA2_CH7
 .text.BSP_IntHandlerUSART6
                0x08008a9c       0x10 BSP\bsp_int.o
                0x08008a9c                BSP_IntHandlerUSART6
 .text.BSP_IntHandlerI2C3_EV
                0x08008aac       0x10 BSP\bsp_int.o
                0x08008aac                BSP_IntHandlerI2C3_EV
 .text.BSP_IntHandlerI2C3_ER
                0x08008abc       0x10 BSP\bsp_int.o
                0x08008abc                BSP_IntHandlerI2C3_ER
 .text.BSP_IntHandlerOTG_HS_EP1_OUT
                0x08008acc       0x10 BSP\bsp_int.o
                0x08008acc                BSP_IntHandlerOTG_HS_EP1_OUT
 .text.BSP_IntHandlerOTG_HS_EP1_IN
                0x08008adc       0x10 BSP\bsp_int.o
                0x08008adc                BSP_IntHandlerOTG_HS_EP1_IN
 .text.BSP_IntHandlerOTG_HS_WKUP
                0x08008aec       0x10 BSP\bsp_int.o
                0x08008aec                BSP_IntHandlerOTG_HS_WKUP
 .text.BSP_IntHandlerOTG_HS
                0x08008afc       0x10 BSP\bsp_int.o
                0x08008afc                BSP_IntHandlerOTG_HS
 .text.BSP_IntHandlerDCMI
                0x08008b0c       0x10 BSP\bsp_int.o
                0x08008b0c                BSP_IntHandlerDCMI
 .text.BSP_IntHandlerCRYP
                0x08008b1c       0x10 BSP\bsp_int.o
                0x08008b1c                BSP_IntHandlerCRYP
 .text.BSP_IntHandlerHASH_RNG
                0x08008b2c       0x10 BSP\bsp_int.o
                0x08008b2c                BSP_IntHandlerHASH_RNG
 .text.BSP_IntHandlerFPU
                0x08008b3c       0x10 BSP\bsp_int.o
                0x08008b3c                BSP_IntHandlerFPU
 .text.BSP_IntHandler
                0x08008b4c       0x4c BSP\bsp_int.o
 .text.BSP_IntHandlerDummy
                0x08008b98        0xc BSP\bsp_int.o
 .text.BSP_Init
                0x08008ba4       0x90 BSP\bsp.o
                0x08008ba4                BSP_Init
 .text.BSP_CPU_ClkFreq
                0x08008c34       0x1c BSP\bsp.o
                0x08008c34                BSP_CPU_ClkFreq
 .text.BSP_Tick_Init
                0x08008c50       0x30 BSP\bsp.o
                0x08008c50                BSP_Tick_Init
 .text.BSP_LED_Init
                0x08008c80       0x80 BSP\bsp.o
 .text.BSP_LED_Off
                0x08008d00       0xb0 BSP\bsp.o
                0x08008d00                BSP_LED_Off
 .text.BSP_LED_Toggle
                0x08008db0      0x264 BSP\bsp.o
                0x08008db0                BSP_LED_Toggle
 .text.CPU_TS_TmrInit
                0x08009014       0x5c BSP\bsp.o
                0x08009014                CPU_TS_TmrInit
 .text.Reset_Handler
                0x08009070       0x44 BSP\TrueSTUDIO\cstartup.o
                0x08009070                Reset_Handler
 .text.App_NMI_ISR
                0x080090b4        0x2 BSP\TrueSTUDIO\cstartup.o
 .text.App_Fault_ISR
                0x080090b6        0x2 BSP\TrueSTUDIO\cstartup.o
 .text.App_MemFault_ISR
                0x080090b8        0x2 BSP\TrueSTUDIO\cstartup.o
 .text.App_BusFault_ISR
                0x080090ba        0x2 BSP\TrueSTUDIO\cstartup.o
 .text.App_UsageFault_ISR
                0x080090bc        0x2 BSP\TrueSTUDIO\cstartup.o
 .text.App_Spurious_ISR
                0x080090be        0x2 BSP\TrueSTUDIO\cstartup.o
 .text.RCC_DeInit
                0x080090c0       0x84 BSP\ST\STM32Fxx\src\stm32f4xx_rcc.o
                0x080090c0                RCC_DeInit
 .text.RCC_HSEConfig
                0x08009144       0x30 BSP\ST\STM32Fxx\src\stm32f4xx_rcc.o
                0x08009144                RCC_HSEConfig
 .text.RCC_WaitForHSEStartUp
                0x08009174       0x64 BSP\ST\STM32Fxx\src\stm32f4xx_rcc.o
                0x08009174                RCC_WaitForHSEStartUp
 .text.RCC_PLLConfig
                0x080091d8       0x48 BSP\ST\STM32Fxx\src\stm32f4xx_rcc.o
                0x080091d8                RCC_PLLConfig
 .text.RCC_PLLCmd
                0x08009220       0x20 BSP\ST\STM32Fxx\src\stm32f4xx_rcc.o
                0x08009220                RCC_PLLCmd
 .text.RCC_SYSCLKConfig
                0x08009240       0x40 BSP\ST\STM32Fxx\src\stm32f4xx_rcc.o
                0x08009240                RCC_SYSCLKConfig
 .text.RCC_GetSYSCLKSource
                0x08009280       0x20 BSP\ST\STM32Fxx\src\stm32f4xx_rcc.o
                0x08009280                RCC_GetSYSCLKSource
 .text.RCC_HCLKConfig
                0x080092a0       0x40 BSP\ST\STM32Fxx\src\stm32f4xx_rcc.o
                0x080092a0                RCC_HCLKConfig
 .text.RCC_PCLK1Config
                0x080092e0       0x40 BSP\ST\STM32Fxx\src\stm32f4xx_rcc.o
                0x080092e0                RCC_PCLK1Config
 .text.RCC_PCLK2Config
                0x08009320       0x44 BSP\ST\STM32Fxx\src\stm32f4xx_rcc.o
                0x08009320                RCC_PCLK2Config
 .text.RCC_GetClocksFreq
                0x08009364      0x1d0 BSP\ST\STM32Fxx\src\stm32f4xx_rcc.o
                0x08009364                RCC_GetClocksFreq
 .text.RCC_GetFlagStatus
                0x08009534       0x90 BSP\ST\STM32Fxx\src\stm32f4xx_rcc.o
                0x08009534                RCC_GetFlagStatus
 .text.GPIO_Init
                0x080095c4      0x154 BSP\ST\STM32Fxx\src\stm32f4xx_gpio.o
                0x080095c4                GPIO_Init
 .text.GPIO_ReadOutputData
                0x08009718       0x1c BSP\ST\STM32Fxx\src\stm32f4xx_gpio.o
                0x08009718                GPIO_ReadOutputData
 .text.GPIO_SetBits
                0x08009734       0x1c BSP\ST\STM32Fxx\src\stm32f4xx_gpio.o
                0x08009734                GPIO_SetBits
 .text.GPIO_ResetBits
                0x08009750       0x1c BSP\ST\STM32Fxx\src\stm32f4xx_gpio.o
                0x08009750                GPIO_ResetBits
 .text.GPIO_PinAFConfig
                0x0800976c       0xac BSP\ST\STM32Fxx\src\stm32f4xx_gpio.o
                0x0800976c                GPIO_PinAFConfig
 .text.FLASH_SetLatency
                0x08009818       0x20 BSP\ST\STM32Fxx\src\stm32f4xx_flash.o
                0x08009818                FLASH_SetLatency
 .text.FLASH_PrefetchBufferCmd
                0x08009838       0x4c BSP\ST\STM32Fxx\src\stm32f4xx_flash.o
                0x08009838                FLASH_PrefetchBufferCmd
 .text.App_SerialInit
                0x08009884       0xe8 APP\app_serial.o
                0x08009884                App_SerialInit
 .text.App_SerPrintf
                0x0800996c       0x5c APP\app_serial.o
                0x0800996c                App_SerPrintf
 .text.App_TaskCreateHook
                0x080099c8       0x14 APP\app_hooks.o
                0x080099c8                App_TaskCreateHook
 .text.App_TaskDelHook
                0x080099dc       0x14 APP\app_hooks.o
                0x080099dc                App_TaskDelHook
 .text.App_TaskIdleHook
                0x080099f0        0xc APP\app_hooks.o
                0x080099f0                App_TaskIdleHook
 .text.App_TaskStatHook
                0x080099fc        0xc APP\app_hooks.o
                0x080099fc                App_TaskStatHook
 .text.App_TaskReturnHook
                0x08009a08       0x14 APP\app_hooks.o
                0x08009a08                App_TaskReturnHook
 .text.App_TaskSwHook
                0x08009a1c        0xc APP\app_hooks.o
                0x08009a1c                App_TaskSwHook
 .text.App_TCBInitHook
                0x08009a28       0x14 APP\app_hooks.o
                0x08009a28                App_TCBInitHook
 .text.App_TimeTickHook
                0x08009a3c        0xc APP\app_hooks.o
                0x08009a3c                App_TimeTickHook
 .text.main     0x08009a48       0x74 APP\app.o
                0x08009a48                main
 .text.AppTaskStart
                0x08009abc       0x6c APP\app.o
 .text.AppEventCreate
                0x08009b28        0xc APP\app.o
 .text.AppTaskCreate
                0x08009b34        0xc APP\app.o
 .text.abort    0x08009b40        0xe c:/program files (x86)/atollic/truestudio for arm pro 3.2.0/armtools/bin/../lib/gcc/arm-atollic-eabi/4.6.2/../../../../arm-atollic-eabi/lib/thumb/softfp/armv7e-m/fpv4-sp-d16\libc.a(lib_a-abort.o)
                0x08009b40                abort
 *fill*         0x08009b4e        0x2 00
 .text.__libc_init_array
                0x08009b50       0x48 c:/program files (x86)/atollic/truestudio for arm pro 3.2.0/armtools/bin/../lib/gcc/arm-atollic-eabi/4.6.2/../../../../arm-atollic-eabi/lib/thumb/softfp/armv7e-m/fpv4-sp-d16\libc.a(lib_a-init.o)
                0x08009b50                __libc_init_array
 .text.memcpy   0x08009b98       0x12 c:/program files (x86)/atollic/truestudio for arm pro 3.2.0/armtools/bin/../lib/gcc/arm-atollic-eabi/4.6.2/../../../../arm-atollic-eabi/lib/thumb/softfp/armv7e-m/fpv4-sp-d16\libc.a(lib_a-memcpy.o)
                0x08009b98                memcpy
 .text._raise_r
                0x08009baa       0x54 c:/program files (x86)/atollic/truestudio for arm pro 3.2.0/armtools/bin/../lib/gcc/arm-atollic-eabi/4.6.2/../../../../arm-atollic-eabi/lib/thumb/softfp/armv7e-m/fpv4-sp-d16\libc.a(lib_a-signal.o)
                0x08009baa                _raise_r
 *fill*         0x08009bfe        0x2 00
 .text.raise    0x08009c00       0x10 c:/program files (x86)/atollic/truestudio for arm pro 3.2.0/armtools/bin/../lib/gcc/arm-atollic-eabi/4.6.2/../../../../arm-atollic-eabi/lib/thumb/softfp/armv7e-m/fpv4-sp-d16\libc.a(lib_a-signal.o)
                0x08009c00                raise
 .text._kill_r  0x08009c10       0x24 c:/program files (x86)/atollic/truestudio for arm pro 3.2.0/armtools/bin/../lib/gcc/arm-atollic-eabi/4.6.2/../../../../arm-atollic-eabi/lib/thumb/softfp/armv7e-m/fpv4-sp-d16\libc.a(lib_a-signalr.o)
                0x08009c10                _kill_r
 .text._getpid_r
                0x08009c34        0x4 c:/program files (x86)/atollic/truestudio for arm pro 3.2.0/armtools/bin/../lib/gcc/arm-atollic-eabi/4.6.2/../../../../arm-atollic-eabi/lib/thumb/softfp/armv7e-m/fpv4-sp-d16\libc.a(lib_a-signalr.o)
                0x08009c34                _getpid_r
 .text._getpid  0x08009c38        0x4 c:/program files (x86)/atollic/truestudio for arm pro 3.2.0/armtools/bin/../lib/gcc/arm-atollic-eabi/4.6.2/../../../../arm-atollic-eabi/lib/thumb/softfp/armv7e-m/fpv4-sp-d16\libc.a(lib_a-syscalls.o)
                0x08009c38                _getpid
 .text._kill    0x08009c3c       0x10 c:/program files (x86)/atollic/truestudio for arm pro 3.2.0/armtools/bin/../lib/gcc/arm-atollic-eabi/4.6.2/../../../../arm-atollic-eabi/lib/thumb/softfp/armv7e-m/fpv4-sp-d16\libc.a(lib_a-syscalls.o)
                0x08009c3c                _kill
 .text._exit    0x08009c4c        0xc c:/program files (x86)/atollic/truestudio for arm pro 3.2.0/armtools/bin/../lib/gcc/arm-atollic-eabi/4.6.2/../../../../arm-atollic-eabi/lib/thumb/softfp/armv7e-m/fpv4-sp-d16\libc.a(lib_a-syscalls.o)
                0x08009c4c                _exit
 .text._sbrk    0x08009c58       0x34 c:/program files (x86)/atollic/truestudio for arm pro 3.2.0/armtools/bin/../lib/gcc/arm-atollic-eabi/4.6.2/../../../../arm-atollic-eabi/lib/thumb/softfp/armv7e-m/fpv4-sp-d16\libc.a(lib_a-syscalls.o)
                0x08009c58                _sbrk
 .text._vsprintf_r
                0x08009c8c       0x30 c:/program files (x86)/atollic/truestudio for arm pro 3.2.0/armtools/bin/../lib/gcc/arm-atollic-eabi/4.6.2/../../../../arm-atollic-eabi/lib/thumb/softfp/armv7e-m/fpv4-sp-d16\libc.a(lib_a-vsprintf.o)
                0x08009c8c                _vsprintf_r
 .text.vsprintf
                0x08009cbc       0x1c c:/program files (x86)/atollic/truestudio for arm pro 3.2.0/armtools/bin/../lib/gcc/arm-atollic-eabi/4.6.2/../../../../arm-atollic-eabi/lib/thumb/softfp/armv7e-m/fpv4-sp-d16\libc.a(lib_a-vsprintf.o)
                0x08009cbc                vsprintf
 .text._malloc_r
                0x08009cd8      0x3f8 c:/program files (x86)/atollic/truestudio for arm pro 3.2.0/armtools/bin/../lib/gcc/arm-atollic-eabi/4.6.2/../../../../arm-atollic-eabi/lib/thumb/softfp/armv7e-m/fpv4-sp-d16\libc.a(lib_a-mallocr.o)
                0x08009cd8                _malloc_r
 .text.__malloc_lock
                0x0800a0d0        0x2 c:/program files (x86)/atollic/truestudio for arm pro 3.2.0/armtools/bin/../lib/gcc/arm-atollic-eabi/4.6.2/../../../../arm-atollic-eabi/lib/thumb/softfp/armv7e-m/fpv4-sp-d16\libc.a(lib_a-mlock.o)
                0x0800a0d0                __malloc_lock
 .text.__malloc_unlock
                0x0800a0d2        0x2 c:/program files (x86)/atollic/truestudio for arm pro 3.2.0/armtools/bin/../lib/gcc/arm-atollic-eabi/4.6.2/../../../../arm-atollic-eabi/lib/thumb/softfp/armv7e-m/fpv4-sp-d16\libc.a(lib_a-mlock.o)
                0x0800a0d2                __malloc_unlock
 .text._sbrk_r  0x0800a0d4       0x20 c:/program files (x86)/atollic/truestudio for arm pro 3.2.0/armtools/bin/../lib/gcc/arm-atollic-eabi/4.6.2/../../../../arm-atollic-eabi/lib/thumb/softfp/armv7e-m/fpv4-sp-d16\libc.a(lib_a-sbrkr.o)
                0x0800a0d4                _sbrk_r
 .text._svfprintf_r
                0x0800a0f4     0x1030 c:/program files (x86)/atollic/truestudio for arm pro 3.2.0/armtools/bin/../lib/gcc/arm-atollic-eabi/4.6.2/../../../../arm-atollic-eabi/lib/thumb/softfp/armv7e-m/fpv4-sp-d16\libc.a(lib_a-svfprintf.o)
                0x0800a0f4                _svfprintf_r
 .text.quorem   0x0800b124      0x10e c:/program files (x86)/atollic/truestudio for arm pro 3.2.0/armtools/bin/../lib/gcc/arm-atollic-eabi/4.6.2/../../../../arm-atollic-eabi/lib/thumb/softfp/armv7e-m/fpv4-sp-d16\libc.a(lib_a-dtoa.o)
 *fill*         0x0800b232        0x6 00
 .text._dtoa_r  0x0800b238      0xb58 c:/program files (x86)/atollic/truestudio for arm pro 3.2.0/armtools/bin/../lib/gcc/arm-atollic-eabi/4.6.2/../../../../arm-atollic-eabi/lib/thumb/softfp/armv7e-m/fpv4-sp-d16\libc.a(lib_a-dtoa.o)
                0x0800b238                _dtoa_r
 .text._malloc_trim_r
                0x0800bd90       0xa8 c:/program files (x86)/atollic/truestudio for arm pro 3.2.0/armtools/bin/../lib/gcc/arm-atollic-eabi/4.6.2/../../../../arm-atollic-eabi/lib/thumb/softfp/armv7e-m/fpv4-sp-d16\libc.a(lib_a-freer.o)
                0x0800bd90                _malloc_trim_r
 .text._free_r  0x0800be38      0x16c c:/program files (x86)/atollic/truestudio for arm pro 3.2.0/armtools/bin/../lib/gcc/arm-atollic-eabi/4.6.2/../../../../arm-atollic-eabi/lib/thumb/softfp/armv7e-m/fpv4-sp-d16\libc.a(lib_a-freer.o)
                0x0800be38                _free_r
 .text._localeconv_r
                0x0800bfa4        0x8 c:/program files (x86)/atollic/truestudio for arm pro 3.2.0/armtools/bin/../lib/gcc/arm-atollic-eabi/4.6.2/../../../../arm-atollic-eabi/lib/thumb/softfp/armv7e-m/fpv4-sp-d16\libc.a(lib_a-locale.o)
                0x0800bfa4                _localeconv_r
 .text.malloc   0x0800bfac       0x10 c:/program files (x86)/atollic/truestudio for arm pro 3.2.0/armtools/bin/../lib/gcc/arm-atollic-eabi/4.6.2/../../../../arm-atollic-eabi/lib/thumb/softfp/armv7e-m/fpv4-sp-d16\libc.a(lib_a-malloc.o)
                0x0800bfac                malloc
 .text.memchr   0x0800bfbc       0x1c c:/program files (x86)/atollic/truestudio for arm pro 3.2.0/armtools/bin/../lib/gcc/arm-atollic-eabi/4.6.2/../../../../arm-atollic-eabi/lib/thumb/softfp/armv7e-m/fpv4-sp-d16\libc.a(lib_a-memchr.o)
                0x0800bfbc                memchr
 .text._Balloc  0x0800bfd8       0x62 c:/program files (x86)/atollic/truestudio for arm pro 3.2.0/armtools/bin/../lib/gcc/arm-atollic-eabi/4.6.2/../../../../arm-atollic-eabi/lib/thumb/softfp/armv7e-m/fpv4-sp-d16\libc.a(lib_a-mprec.o)
                0x0800bfd8                _Balloc
 .text._Bfree   0x0800c03a       0x2e c:/program files (x86)/atollic/truestudio for arm pro 3.2.0/armtools/bin/../lib/gcc/arm-atollic-eabi/4.6.2/../../../../arm-atollic-eabi/lib/thumb/softfp/armv7e-m/fpv4-sp-d16\libc.a(lib_a-mprec.o)
                0x0800c03a                _Bfree
 .text.__multadd
                0x0800c068       0x78 c:/program files (x86)/atollic/truestudio for arm pro 3.2.0/armtools/bin/../lib/gcc/arm-atollic-eabi/4.6.2/../../../../arm-atollic-eabi/lib/thumb/softfp/armv7e-m/fpv4-sp-d16\libc.a(lib_a-mprec.o)
                0x0800c068                __multadd
 .text.__hi0bits
                0x0800c0e0       0x3e c:/program files (x86)/atollic/truestudio for arm pro 3.2.0/armtools/bin/../lib/gcc/arm-atollic-eabi/4.6.2/../../../../arm-atollic-eabi/lib/thumb/softfp/armv7e-m/fpv4-sp-d16\libc.a(lib_a-mprec.o)
                0x0800c0e0                __hi0bits
 .text.__lo0bits
                0x0800c11e       0x5a c:/program files (x86)/atollic/truestudio for arm pro 3.2.0/armtools/bin/../lib/gcc/arm-atollic-eabi/4.6.2/../../../../arm-atollic-eabi/lib/thumb/softfp/armv7e-m/fpv4-sp-d16\libc.a(lib_a-mprec.o)
                0x0800c11e                __lo0bits
 .text.__i2b    0x0800c178       0x12 c:/program files (x86)/atollic/truestudio for arm pro 3.2.0/armtools/bin/../lib/gcc/arm-atollic-eabi/4.6.2/../../../../arm-atollic-eabi/lib/thumb/softfp/armv7e-m/fpv4-sp-d16\libc.a(lib_a-mprec.o)
                0x0800c178                __i2b
 .text.__multiply
                0x0800c18a      0x126 c:/program files (x86)/atollic/truestudio for arm pro 3.2.0/armtools/bin/../lib/gcc/arm-atollic-eabi/4.6.2/../../../../arm-atollic-eabi/lib/thumb/softfp/armv7e-m/fpv4-sp-d16\libc.a(lib_a-mprec.o)
                0x0800c18a                __multiply
 .text.__pow5mult
                0x0800c2b0       0xa0 c:/program files (x86)/atollic/truestudio for arm pro 3.2.0/armtools/bin/../lib/gcc/arm-atollic-eabi/4.6.2/../../../../arm-atollic-eabi/lib/thumb/softfp/armv7e-m/fpv4-sp-d16\libc.a(lib_a-mprec.o)
                0x0800c2b0                __pow5mult
 .text.__lshift
                0x0800c350       0xae c:/program files (x86)/atollic/truestudio for arm pro 3.2.0/armtools/bin/../lib/gcc/arm-atollic-eabi/4.6.2/../../../../arm-atollic-eabi/lib/thumb/softfp/armv7e-m/fpv4-sp-d16\libc.a(lib_a-mprec.o)
                0x0800c350                __lshift
 .text.__mcmp   0x0800c3fe       0x3e c:/program files (x86)/atollic/truestudio for arm pro 3.2.0/armtools/bin/../lib/gcc/arm-atollic-eabi/4.6.2/../../../../arm-atollic-eabi/lib/thumb/softfp/armv7e-m/fpv4-sp-d16\libc.a(lib_a-mprec.o)
                0x0800c3fe                __mcmp
 .text.__mdiff  0x0800c43c       0xc6 c:/program files (x86)/atollic/truestudio for arm pro 3.2.0/armtools/bin/../lib/gcc/arm-atollic-eabi/4.6.2/../../../../arm-atollic-eabi/lib/thumb/softfp/armv7e-m/fpv4-sp-d16\libc.a(lib_a-mprec.o)
                0x0800c43c                __mdiff
 .text.__d2b    0x0800c502       0xbc c:/program files (x86)/atollic/truestudio for arm pro 3.2.0/armtools/bin/../lib/gcc/arm-atollic-eabi/4.6.2/../../../../arm-atollic-eabi/lib/thumb/softfp/armv7e-m/fpv4-sp-d16\libc.a(lib_a-mprec.o)
                0x0800c502                __d2b
 *fill*         0x0800c5be        0x2 00
 .text.__fpclassifyd
                0x0800c5c0       0x64 c:/program files (x86)/atollic/truestudio for arm pro 3.2.0/armtools/bin/../lib/gcc/arm-atollic-eabi/4.6.2/../../../../arm-atollic-eabi/lib/thumb/softfp/armv7e-m/fpv4-sp-d16\libc.a(lib_a-s_fpclassify.o)
                0x0800c5c0                __fpclassifyd
 .text.strlen   0x0800c624       0x10 c:/program files (x86)/atollic/truestudio for arm pro 3.2.0/armtools/bin/../lib/gcc/arm-atollic-eabi/4.6.2/../../../../arm-atollic-eabi/lib/thumb/softfp/armv7e-m/fpv4-sp-d16\libc.a(lib_a-strlen.o)
                0x0800c624                strlen
 .text.__ssprint_r
                0x0800c634       0xf2 c:/program files (x86)/atollic/truestudio for arm pro 3.2.0/armtools/bin/../lib/gcc/arm-atollic-eabi/4.6.2/../../../../arm-atollic-eabi/lib/thumb/softfp/armv7e-m/fpv4-sp-d16\libc.a(lib_a-svfiprintf.o)
                0x0800c634                __ssprint_r
 .text._calloc_r
                0x0800c726       0x5a c:/program files (x86)/atollic/truestudio for arm pro 3.2.0/armtools/bin/../lib/gcc/arm-atollic-eabi/4.6.2/../../../../arm-atollic-eabi/lib/thumb/softfp/armv7e-m/fpv4-sp-d16\libc.a(lib_a-callocr.o)
                0x0800c726                _calloc_r
 .text.memmove  0x0800c780       0x3a c:/program files (x86)/atollic/truestudio for arm pro 3.2.0/armtools/bin/../lib/gcc/arm-atollic-eabi/4.6.2/../../../../arm-atollic-eabi/lib/thumb/softfp/armv7e-m/fpv4-sp-d16\libc.a(lib_a-memmove.o)
                0x0800c780                memmove
 .text.memset   0x0800c7ba        0xe c:/program files (x86)/atollic/truestudio for arm pro 3.2.0/armtools/bin/../lib/gcc/arm-atollic-eabi/4.6.2/../../../../arm-atollic-eabi/lib/thumb/softfp/armv7e-m/fpv4-sp-d16\libc.a(lib_a-memset.o)
                0x0800c7ba                memset
 .text._realloc_r
                0x0800c7c8      0x2dc c:/program files (x86)/atollic/truestudio for arm pro 3.2.0/armtools/bin/../lib/gcc/arm-atollic-eabi/4.6.2/../../../../arm-atollic-eabi/lib/thumb/softfp/armv7e-m/fpv4-sp-d16\libc.a(lib_a-reallocr.o)
                0x0800c7c8                _realloc_r
 *(.rodata)
 .rodata        0x0800caa4       0x3c uCOS-II\Source\os_tmr.o
 .rodata        0x0800cae0        0x4 uCOS-II\Source\os_task.o
 .rodata        0x0800cae4        0x4 uCOS-II\Source\os_sem.o
 .rodata        0x0800cae8        0x4 uCOS-II\Source\os_mem.o
 .rodata        0x0800caec        0x4 uCOS-II\Source\os_flag.o
 .rodata        0x0800caf0       0x24 uCOS-II\Source\os_core.o
 .rodata        0x0800cb14        0xc APP\app_serial.o
 .rodata        0x0800cb20       0x4c APP\app.o
 *(.rodata*)
 .rodata.OSUnMapTbl
                0x0800cb6c      0x100 uCOS-II\Source\os_core.o
                0x0800cb6c                OSUnMapTbl
 .rodata.OSDebugEn
                0x0800cc6c        0x2 uCOS-II\Ports\ARM-Cortex-M4\Generic\GNU\os_dbg.o
                0x0800cc6c                OSDebugEn
 *fill*         0x0800cc6e        0x2 00
 .rodata.OSEndiannessTest
                0x0800cc70        0x4 uCOS-II\Ports\ARM-Cortex-M4\Generic\GNU\os_dbg.o
                0x0800cc70                OSEndiannessTest
 .rodata.OSEventEn
                0x0800cc74        0x2 uCOS-II\Ports\ARM-Cortex-M4\Generic\GNU\os_dbg.o
                0x0800cc74                OSEventEn
 .rodata.OSEventMax
                0x0800cc76        0x2 uCOS-II\Ports\ARM-Cortex-M4\Generic\GNU\os_dbg.o
                0x0800cc76                OSEventMax
 .rodata.OSEventNameEn
                0x0800cc78        0x2 uCOS-II\Ports\ARM-Cortex-M4\Generic\GNU\os_dbg.o
                0x0800cc78                OSEventNameEn
 .rodata.OSEventSize
                0x0800cc7a        0x2 uCOS-II\Ports\ARM-Cortex-M4\Generic\GNU\os_dbg.o
                0x0800cc7a                OSEventSize
 .rodata.OSEventTblSize
                0x0800cc7c        0x2 uCOS-II\Ports\ARM-Cortex-M4\Generic\GNU\os_dbg.o
                0x0800cc7c                OSEventTblSize
 .rodata.OSEventMultiEn
                0x0800cc7e        0x2 uCOS-II\Ports\ARM-Cortex-M4\Generic\GNU\os_dbg.o
                0x0800cc7e                OSEventMultiEn
 .rodata.OSFlagEn
                0x0800cc80        0x2 uCOS-II\Ports\ARM-Cortex-M4\Generic\GNU\os_dbg.o
                0x0800cc80                OSFlagEn
 .rodata.OSFlagGrpSize
                0x0800cc82        0x2 uCOS-II\Ports\ARM-Cortex-M4\Generic\GNU\os_dbg.o
                0x0800cc82                OSFlagGrpSize
 .rodata.OSFlagNodeSize
                0x0800cc84        0x2 uCOS-II\Ports\ARM-Cortex-M4\Generic\GNU\os_dbg.o
                0x0800cc84                OSFlagNodeSize
 .rodata.OSFlagWidth
                0x0800cc86        0x2 uCOS-II\Ports\ARM-Cortex-M4\Generic\GNU\os_dbg.o
                0x0800cc86                OSFlagWidth
 .rodata.OSFlagMax
                0x0800cc88        0x2 uCOS-II\Ports\ARM-Cortex-M4\Generic\GNU\os_dbg.o
                0x0800cc88                OSFlagMax
 .rodata.OSFlagNameEn
                0x0800cc8a        0x2 uCOS-II\Ports\ARM-Cortex-M4\Generic\GNU\os_dbg.o
                0x0800cc8a                OSFlagNameEn
 .rodata.OSLowestPrio
                0x0800cc8c        0x2 uCOS-II\Ports\ARM-Cortex-M4\Generic\GNU\os_dbg.o
                0x0800cc8c                OSLowestPrio
 .rodata.OSMboxEn
                0x0800cc8e        0x2 uCOS-II\Ports\ARM-Cortex-M4\Generic\GNU\os_dbg.o
                0x0800cc8e                OSMboxEn
 .rodata.OSMemEn
                0x0800cc90        0x2 uCOS-II\Ports\ARM-Cortex-M4\Generic\GNU\os_dbg.o
                0x0800cc90                OSMemEn
 .rodata.OSMemMax
                0x0800cc92        0x2 uCOS-II\Ports\ARM-Cortex-M4\Generic\GNU\os_dbg.o
                0x0800cc92                OSMemMax
 .rodata.OSMemNameEn
                0x0800cc94        0x2 uCOS-II\Ports\ARM-Cortex-M4\Generic\GNU\os_dbg.o
                0x0800cc94                OSMemNameEn
 .rodata.OSMemSize
                0x0800cc96        0x2 uCOS-II\Ports\ARM-Cortex-M4\Generic\GNU\os_dbg.o
                0x0800cc96                OSMemSize
 .rodata.OSMemTblSize
                0x0800cc98        0x2 uCOS-II\Ports\ARM-Cortex-M4\Generic\GNU\os_dbg.o
                0x0800cc98                OSMemTblSize
 .rodata.OSMutexEn
                0x0800cc9a        0x2 uCOS-II\Ports\ARM-Cortex-M4\Generic\GNU\os_dbg.o
                0x0800cc9a                OSMutexEn
 .rodata.OSPtrSize
                0x0800cc9c        0x2 uCOS-II\Ports\ARM-Cortex-M4\Generic\GNU\os_dbg.o
                0x0800cc9c                OSPtrSize
 .rodata.OSQEn  0x0800cc9e        0x2 uCOS-II\Ports\ARM-Cortex-M4\Generic\GNU\os_dbg.o
                0x0800cc9e                OSQEn
 .rodata.OSQMax
                0x0800cca0        0x2 uCOS-II\Ports\ARM-Cortex-M4\Generic\GNU\os_dbg.o
                0x0800cca0                OSQMax
 .rodata.OSQSize
                0x0800cca2        0x2 uCOS-II\Ports\ARM-Cortex-M4\Generic\GNU\os_dbg.o
                0x0800cca2                OSQSize
 .rodata.OSRdyTblSize
                0x0800cca4        0x2 uCOS-II\Ports\ARM-Cortex-M4\Generic\GNU\os_dbg.o
                0x0800cca4                OSRdyTblSize
 .rodata.OSSemEn
                0x0800cca6        0x2 uCOS-II\Ports\ARM-Cortex-M4\Generic\GNU\os_dbg.o
                0x0800cca6                OSSemEn
 .rodata.OSStkWidth
                0x0800cca8        0x2 uCOS-II\Ports\ARM-Cortex-M4\Generic\GNU\os_dbg.o
                0x0800cca8                OSStkWidth
 .rodata.OSTaskCreateEn
                0x0800ccaa        0x2 uCOS-II\Ports\ARM-Cortex-M4\Generic\GNU\os_dbg.o
                0x0800ccaa                OSTaskCreateEn
 .rodata.OSTaskCreateExtEn
                0x0800ccac        0x2 uCOS-II\Ports\ARM-Cortex-M4\Generic\GNU\os_dbg.o
                0x0800ccac                OSTaskCreateExtEn
 .rodata.OSTaskDelEn
                0x0800ccae        0x2 uCOS-II\Ports\ARM-Cortex-M4\Generic\GNU\os_dbg.o
                0x0800ccae                OSTaskDelEn
 .rodata.OSTaskIdleStkSize
                0x0800ccb0        0x2 uCOS-II\Ports\ARM-Cortex-M4\Generic\GNU\os_dbg.o
                0x0800ccb0                OSTaskIdleStkSize
 .rodata.OSTaskProfileEn
                0x0800ccb2        0x2 uCOS-II\Ports\ARM-Cortex-M4\Generic\GNU\os_dbg.o
                0x0800ccb2                OSTaskProfileEn
 .rodata.OSTaskMax
                0x0800ccb4        0x2 uCOS-II\Ports\ARM-Cortex-M4\Generic\GNU\os_dbg.o
                0x0800ccb4                OSTaskMax
 .rodata.OSTaskNameEn
                0x0800ccb6        0x2 uCOS-II\Ports\ARM-Cortex-M4\Generic\GNU\os_dbg.o
                0x0800ccb6                OSTaskNameEn
 .rodata.OSTaskStatEn
                0x0800ccb8        0x2 uCOS-II\Ports\ARM-Cortex-M4\Generic\GNU\os_dbg.o
                0x0800ccb8                OSTaskStatEn
 .rodata.OSTaskStatStkSize
                0x0800ccba        0x2 uCOS-II\Ports\ARM-Cortex-M4\Generic\GNU\os_dbg.o
                0x0800ccba                OSTaskStatStkSize
 .rodata.OSTaskStatStkChkEn
                0x0800ccbc        0x2 uCOS-II\Ports\ARM-Cortex-M4\Generic\GNU\os_dbg.o
                0x0800ccbc                OSTaskStatStkChkEn
 .rodata.OSTaskSwHookEn
                0x0800ccbe        0x2 uCOS-II\Ports\ARM-Cortex-M4\Generic\GNU\os_dbg.o
                0x0800ccbe                OSTaskSwHookEn
 .rodata.OSTCBPrioTblMax
                0x0800ccc0        0x2 uCOS-II\Ports\ARM-Cortex-M4\Generic\GNU\os_dbg.o
                0x0800ccc0                OSTCBPrioTblMax
 .rodata.OSTCBSize
                0x0800ccc2        0x2 uCOS-II\Ports\ARM-Cortex-M4\Generic\GNU\os_dbg.o
                0x0800ccc2                OSTCBSize
 .rodata.OSTicksPerSec
                0x0800ccc4        0x2 uCOS-II\Ports\ARM-Cortex-M4\Generic\GNU\os_dbg.o
                0x0800ccc4                OSTicksPerSec
 .rodata.OSTimeTickHookEn
                0x0800ccc6        0x2 uCOS-II\Ports\ARM-Cortex-M4\Generic\GNU\os_dbg.o
                0x0800ccc6                OSTimeTickHookEn
 .rodata.OSVersionNbr
                0x0800ccc8        0x2 uCOS-II\Ports\ARM-Cortex-M4\Generic\GNU\os_dbg.o
                0x0800ccc8                OSVersionNbr
 .rodata.OSTmrEn
                0x0800ccca        0x2 uCOS-II\Ports\ARM-Cortex-M4\Generic\GNU\os_dbg.o
                0x0800ccca                OSTmrEn
 .rodata.OSTmrCfgMax
                0x0800cccc        0x2 uCOS-II\Ports\ARM-Cortex-M4\Generic\GNU\os_dbg.o
                0x0800cccc                OSTmrCfgMax
 .rodata.OSTmrCfgNameEn
                0x0800ccce        0x2 uCOS-II\Ports\ARM-Cortex-M4\Generic\GNU\os_dbg.o
                0x0800ccce                OSTmrCfgNameEn
 .rodata.OSTmrCfgWheelSize
                0x0800ccd0        0x2 uCOS-II\Ports\ARM-Cortex-M4\Generic\GNU\os_dbg.o
                0x0800ccd0                OSTmrCfgWheelSize
 .rodata.OSTmrCfgTicksPerSec
                0x0800ccd2        0x2 uCOS-II\Ports\ARM-Cortex-M4\Generic\GNU\os_dbg.o
                0x0800ccd2                OSTmrCfgTicksPerSec
 .rodata.OSTmrSize
                0x0800ccd4        0x2 uCOS-II\Ports\ARM-Cortex-M4\Generic\GNU\os_dbg.o
                0x0800ccd4                OSTmrSize
 .rodata.OSTmrTblSize
                0x0800ccd6        0x2 uCOS-II\Ports\ARM-Cortex-M4\Generic\GNU\os_dbg.o
                0x0800ccd6                OSTmrTblSize
 .rodata.OSTmrWheelSize
                0x0800ccd8        0x2 uCOS-II\Ports\ARM-Cortex-M4\Generic\GNU\os_dbg.o
                0x0800ccd8                OSTmrWheelSize
 .rodata.OSTmrWheelTblSize
                0x0800ccda        0x2 uCOS-II\Ports\ARM-Cortex-M4\Generic\GNU\os_dbg.o
                0x0800ccda                OSTmrWheelTblSize
 .rodata.OSDataSize
                0x0800ccdc        0x2 uCOS-II\Ports\ARM-Cortex-M4\Generic\GNU\os_dbg.o
                0x0800ccdc                OSDataSize
 *fill*         0x0800ccde        0x2 00
 .rodata.SerialLine_TTY
                0x0800cce0       0x10 uC-Serial\Line\serial_line_tty.o
                0x0800cce0                SerialLine_TTY
 .rodata.SerialLine_Dflt
                0x0800ccf0       0x10 uC-Serial\Line\serial_line_dflt.o
                0x0800ccf0                SerialLine_Dflt
 .rodata.SerialDrv_STM32_API
                0x0800cd00       0x28 uC-Serial\Driver\ST\serial_drv_stm32.o
                0x0800cd00                SerialDrv_STM32_API
 .rodata.SerialBSP_STM32_USART3
                0x0800cd28       0x14 uC-Serial\Driver\ST\STM3240x\serial_bsp_stm3240x.o
 .rodata.str1.1
                0x0800cd3c        0x2 c:/program files (x86)/atollic/truestudio for arm pro 3.2.0/armtools/bin/../lib/gcc/arm-atollic-eabi/4.6.2/../../../../arm-atollic-eabi/lib/thumb/softfp/armv7e-m/fpv4-sp-d16\libc.a(lib_a-impure.o)
 .rodata.zeroes.6598
                0x0800cd3e       0x10 c:/program files (x86)/atollic/truestudio for arm pro 3.2.0/armtools/bin/../lib/gcc/arm-atollic-eabi/4.6.2/../../../../arm-atollic-eabi/lib/thumb/softfp/armv7e-m/fpv4-sp-d16\libc.a(lib_a-svfprintf.o)
 .rodata.str1.1
                0x0800cd4e       0x34 c:/program files (x86)/atollic/truestudio for arm pro 3.2.0/armtools/bin/../lib/gcc/arm-atollic-eabi/4.6.2/../../../../arm-atollic-eabi/lib/thumb/softfp/armv7e-m/fpv4-sp-d16\libc.a(lib_a-svfprintf.o)
 .rodata.blanks.6597
                0x0800cd82       0x10 c:/program files (x86)/atollic/truestudio for arm pro 3.2.0/armtools/bin/../lib/gcc/arm-atollic-eabi/4.6.2/../../../../arm-atollic-eabi/lib/thumb/softfp/armv7e-m/fpv4-sp-d16\libc.a(lib_a-svfprintf.o)
 .rodata.str1.1
                0x0800cd92        0xd c:/program files (x86)/atollic/truestudio for arm pro 3.2.0/armtools/bin/../lib/gcc/arm-atollic-eabi/4.6.2/../../../../arm-atollic-eabi/lib/thumb/softfp/armv7e-m/fpv4-sp-d16\libc.a(lib_a-dtoa.o)
                                  0xf (size before relaxing)
 .rodata.str1.1
                0x0800cd9f        0x8 c:/program files (x86)/atollic/truestudio for arm pro 3.2.0/armtools/bin/../lib/gcc/arm-atollic-eabi/4.6.2/../../../../arm-atollic-eabi/lib/thumb/softfp/armv7e-m/fpv4-sp-d16\libc.a(lib_a-locale.o)
                                  0xb (size before relaxing)
 *fill*         0x0800cda7        0x1 00
 .rodata.p05.5123
                0x0800cda8        0xc c:/program files (x86)/atollic/truestudio for arm pro 3.2.0/armtools/bin/../lib/gcc/arm-atollic-eabi/4.6.2/../../../../arm-atollic-eabi/lib/thumb/softfp/armv7e-m/fpv4-sp-d16\libc.a(lib_a-mprec.o)
 *fill*         0x0800cdb4        0x4 00
 .rodata.__mprec_tens
                0x0800cdb8       0xc8 c:/program files (x86)/atollic/truestudio for arm pro 3.2.0/armtools/bin/../lib/gcc/arm-atollic-eabi/4.6.2/../../../../arm-atollic-eabi/lib/thumb/softfp/armv7e-m/fpv4-sp-d16\libc.a(lib_a-mprec.o)
                0x0800cdb8                __mprec_tens
 .rodata.__mprec_bigtens
                0x0800ce80       0x28 c:/program files (x86)/atollic/truestudio for arm pro 3.2.0/armtools/bin/../lib/gcc/arm-atollic-eabi/4.6.2/../../../../arm-atollic-eabi/lib/thumb/softfp/armv7e-m/fpv4-sp-d16\libc.a(lib_a-mprec.o)
                0x0800ce80                __mprec_bigtens
 *(.glue_7)
 .glue_7        0x00000000        0x0 linker stubs
 *(.glue_7t)
 .glue_7t       0x00000000        0x0 linker stubs
 *(.eh_frame)
 .eh_frame      0x0800cea8        0x0 c:/program files (x86)/atollic/truestudio for arm pro 3.2.0/armtools/bin/../lib/gcc/arm-atollic-eabi/4.6.2/thumb/softfp/armv7e-m/fpv4-sp-d16/crtbegin.o
 *(.init)
 .init          0x0800cea8        0x4 c:/program files (x86)/atollic/truestudio for arm pro 3.2.0/armtools/bin/../lib/gcc/arm-atollic-eabi/4.6.2/thumb/softfp/armv7e-m/fpv4-sp-d16/crti.o
                0x0800cea8                _init
 .init          0x0800ceac        0x8 c:/program files (x86)/atollic/truestudio for arm pro 3.2.0/armtools/bin/../lib/gcc/arm-atollic-eabi/4.6.2/thumb/softfp/armv7e-m/fpv4-sp-d16/crtn.o
 *(.fini)
 .fini          0x0800ceb4        0x4 c:/program files (x86)/atollic/truestudio for arm pro 3.2.0/armtools/bin/../lib/gcc/arm-atollic-eabi/4.6.2/thumb/softfp/armv7e-m/fpv4-sp-d16/crti.o
                0x0800ceb4                _fini
 .fini          0x0800ceb8        0x8 c:/program files (x86)/atollic/truestudio for arm pro 3.2.0/armtools/bin/../lib/gcc/arm-atollic-eabi/4.6.2/thumb/softfp/armv7e-m/fpv4-sp-d16/crtn.o
                0x0800cec0                . = ALIGN (0x4)
                0x0800cec0                _etext = .

.vfp11_veneer   0x0800cec0        0x0
 .vfp11_veneer  0x00000000        0x0 linker stubs

.v4_bx          0x0800cec0        0x0
 .v4_bx         0x00000000        0x0 linker stubs

.ARM.extab      0x0800cec0       0x30
 *(.ARM.extab* .gnu.linkonce.armextab.*)
 .ARM.extab     0x0800cec0       0x18 c:/program files (x86)/atollic/truestudio for arm pro 3.2.0/armtools/bin/../lib/gcc/arm-atollic-eabi/4.6.2/thumb/softfp/armv7e-m/fpv4-sp-d16\libgcc.a(unwind-arm.o)
 .ARM.extab     0x0800ced8       0x18 c:/program files (x86)/atollic/truestudio for arm pro 3.2.0/armtools/bin/../lib/gcc/arm-atollic-eabi/4.6.2/thumb/softfp/armv7e-m/fpv4-sp-d16\libgcc.a(pr-support.o)

.ARM            0x0800cef0       0xe0
                0x0800cef0                __exidx_start = .
 *(.ARM.exidx*)
 .ARM.exidx     0x0800cef0        0x8 c:/program files (x86)/atollic/truestudio for arm pro 3.2.0/armtools/bin/../lib/gcc/arm-atollic-eabi/4.6.2/thumb/softfp/armv7e-m/fpv4-sp-d16\libgcc.a(bpabi.o)
                                 0x10 (size before relaxing)
 .ARM.exidx     0x0800cef8       0x88 c:/program files (x86)/atollic/truestudio for arm pro 3.2.0/armtools/bin/../lib/gcc/arm-atollic-eabi/4.6.2/thumb/softfp/armv7e-m/fpv4-sp-d16\libgcc.a(unwind-arm.o)
                                 0xc0 (size before relaxing)
 .ARM.exidx     0x0800cf80       0x38 c:/program files (x86)/atollic/truestudio for arm pro 3.2.0/armtools/bin/../lib/gcc/arm-atollic-eabi/4.6.2/thumb/softfp/armv7e-m/fpv4-sp-d16\libgcc.a(pr-support.o)
                                 0x48 (size before relaxing)
 .ARM.exidx     0x0800cfb8        0x8 c:/program files (x86)/atollic/truestudio for arm pro 3.2.0/armtools/bin/../lib/gcc/arm-atollic-eabi/4.6.2/thumb/softfp/armv7e-m/fpv4-sp-d16\libgcc.a(_divdi3.o)
 .ARM.exidx     0x0800cfc0       0x10 c:/program files (x86)/atollic/truestudio for arm pro 3.2.0/armtools/bin/../lib/gcc/arm-atollic-eabi/4.6.2/thumb/softfp/armv7e-m/fpv4-sp-d16\libgcc.a(_udivdi3.o)
                                  0x8 (size before relaxing)
                0x0800cfd0                __exidx_end = .

.preinit_array  0x0800cfd0        0x0
                0x0800cfd0                PROVIDE (__preinit_array_start, .)
 *(.preinit_array*)
                0x0800cfd0                PROVIDE (__preinit_array_end, .)

.init_array     0x0800cfd0        0x4
                0x0800cfd0                PROVIDE (__init_array_start, .)
 *(SORT(.init_array.*))
 *(.init_array*)
 .init_array    0x0800cfd0        0x4 c:/program files (x86)/atollic/truestudio for arm pro 3.2.0/armtools/bin/../lib/gcc/arm-atollic-eabi/4.6.2/thumb/softfp/armv7e-m/fpv4-sp-d16/crtbegin.o
                0x0800cfd4                PROVIDE (__init_array_end, .)

.fini_array     0x0800cfd4        0x4
                0x0800cfd4                PROVIDE (__fini_array_start, .)
 *(SORT(.fini_array.*))
 *(.fini_array*)
 .fini_array    0x0800cfd4        0x4 c:/program files (x86)/atollic/truestudio for arm pro 3.2.0/armtools/bin/../lib/gcc/arm-atollic-eabi/4.6.2/thumb/softfp/armv7e-m/fpv4-sp-d16/crtbegin.o
                0x0800cfd8                PROVIDE (__fini_array_end, .)
                0x0800cfd8                _sidata = LOADADDR (.data)

.data           0x20000000      0x558 load address 0x0800cfd8
                0x20000000                . = ALIGN (0x4)
                0x20000000                _sdata = .
 *(.data)
 *(.data*)
 .data.SerialDevCfg_STM32_USART3
                0x20000000        0xc uC-Serial\Driver\ST\STM3240x\serial_bsp_stm3240x.o
                0x20000000                SerialDevCfg_STM32_USART3
 .data.APBAHBPrescTable
                0x2000000c       0x10 BSP\ST\STM32Fxx\src\stm32f4xx_rcc.o
 .data.impure_data
                0x2000001c       0xf0 c:/program files (x86)/atollic/truestudio for arm pro 3.2.0/armtools/bin/../lib/gcc/arm-atollic-eabi/4.6.2/../../../../arm-atollic-eabi/lib/thumb/softfp/armv7e-m/fpv4-sp-d16\libc.a(lib_a-impure.o)
 .data._impure_ptr
                0x2000010c        0x4 c:/program files (x86)/atollic/truestudio for arm pro 3.2.0/armtools/bin/../lib/gcc/arm-atollic-eabi/4.6.2/../../../../arm-atollic-eabi/lib/thumb/softfp/armv7e-m/fpv4-sp-d16\libc.a(lib_a-impure.o)
                0x2000010c                _impure_ptr
 .data.__malloc_av_
                0x20000110      0x408 c:/program files (x86)/atollic/truestudio for arm pro 3.2.0/armtools/bin/../lib/gcc/arm-atollic-eabi/4.6.2/../../../../arm-atollic-eabi/lib/thumb/softfp/armv7e-m/fpv4-sp-d16\libc.a(lib_a-mallocr.o)
                0x20000110                __malloc_av_
 .data.__malloc_trim_threshold
                0x20000518        0x4 c:/program files (x86)/atollic/truestudio for arm pro 3.2.0/armtools/bin/../lib/gcc/arm-atollic-eabi/4.6.2/../../../../arm-atollic-eabi/lib/thumb/softfp/armv7e-m/fpv4-sp-d16\libc.a(lib_a-mallocr.o)
                0x20000518                __malloc_trim_threshold
 .data.__malloc_sbrk_base
                0x2000051c        0x4 c:/program files (x86)/atollic/truestudio for arm pro 3.2.0/armtools/bin/../lib/gcc/arm-atollic-eabi/4.6.2/../../../../arm-atollic-eabi/lib/thumb/softfp/armv7e-m/fpv4-sp-d16\libc.a(lib_a-mallocr.o)
                0x2000051c                __malloc_sbrk_base
 .data.lconv    0x20000520       0x38 c:/program files (x86)/atollic/truestudio for arm pro 3.2.0/armtools/bin/../lib/gcc/arm-atollic-eabi/4.6.2/../../../../arm-atollic-eabi/lib/thumb/softfp/armv7e-m/fpv4-sp-d16\libc.a(lib_a-locale.o)
                0x20000558                . = ALIGN (0x4)
                0x20000558                _edata = .
                0x0800d530                _siccmram = LOADADDR (.ccmram)

.jcr            0x20000558        0x0 load address 0x0800d530
 .jcr           0x20000558        0x0 c:/program files (x86)/atollic/truestudio for arm pro 3.2.0/armtools/bin/../lib/gcc/arm-atollic-eabi/4.6.2/thumb/softfp/armv7e-m/fpv4-sp-d16/crtbegin.o

.ccmram         0x10000000        0x0 load address 0x0800d530
                0x10000000                . = ALIGN (0x4)
                0x10000000                _sccmram = .
 *(.ccmram)
 *(.ccmram*)
                0x10000000                . = ALIGN (0x4)
                0x10000000                _eccmram = .
                0x10000000                . = ALIGN (0x4)

.bss            0x20000558     0x8094
                0x20000558                _sbss = .
                0x20000558                __bss_start__ = _sbss
 *(.bss)
 .bss           0x20000558       0x1c c:/program files (x86)/atollic/truestudio for arm pro 3.2.0/armtools/bin/../lib/gcc/arm-atollic-eabi/4.6.2/thumb/softfp/armv7e-m/fpv4-sp-d16/crtbegin.o
 *(.bss*)
 .bss.OSTmrCtr  0x20000574        0x2 uCOS-II\Ports\ARM-Cortex-M4\Generic\GNU\os_cpu_c.o
 *fill*         0x20000576        0x2 00
 .bss.Serial_IF_Tbl
                0x20000578      0x1e0 uC-Serial\Source\serial.o
 .bss.SerialIF_NbrNext
                0x20000758        0x1 uC-Serial\Source\serial.o
 *fill*         0x20000759        0x3 00
 .bss.OSEventObj
                0x2000075c       0x28 uC-Serial\OS\uCOS-II\serial_os.o
 .bss.OSEventObjIx
                0x20000784        0x4 uC-Serial\OS\uCOS-II\serial_os.o
 .bss.SerialLine_TTY_Info
                0x20000788        0x4 uC-Serial\Line\serial_line_tty.o
 .bss.SerialDev_STM32_USART3_DevPtr
                0x2000078c        0x4 uC-Serial\Driver\ST\STM3240x\serial_bsp_stm3240x.o
 .bss.BSP_IntVectTbl
                0x20000790      0x148 BSP\bsp_int.o
 .bss.App_SerTraceIF_Nbr
                0x200008d8        0x1 APP\app_serial.o
 *fill*         0x200008d9        0x3 00
 .bss.AppTaskStartStk
                0x200008dc      0x400 APP\app.o
 .bss.heap_end.4982
                0x20000cdc        0x4 c:/program files (x86)/atollic/truestudio for arm pro 3.2.0/armtools/bin/../lib/gcc/arm-atollic-eabi/4.6.2/../../../../arm-atollic-eabi/lib/thumb/softfp/armv7e-m/fpv4-sp-d16\libc.a(lib_a-syscalls.o)
 .bss.__malloc_max_total_mem
                0x20000ce0        0x4 c:/program files (x86)/atollic/truestudio for arm pro 3.2.0/armtools/bin/../lib/gcc/arm-atollic-eabi/4.6.2/../../../../arm-atollic-eabi/lib/thumb/softfp/armv7e-m/fpv4-sp-d16\libc.a(lib_a-mallocr.o)
                0x20000ce0                __malloc_max_total_mem
 .bss.__malloc_max_sbrked_mem
                0x20000ce4        0x4 c:/program files (x86)/atollic/truestudio for arm pro 3.2.0/armtools/bin/../lib/gcc/arm-atollic-eabi/4.6.2/../../../../arm-atollic-eabi/lib/thumb/softfp/armv7e-m/fpv4-sp-d16\libc.a(lib_a-mallocr.o)
                0x20000ce4                __malloc_max_sbrked_mem
 .bss.__malloc_top_pad
                0x20000ce8        0x4 c:/program files (x86)/atollic/truestudio for arm pro 3.2.0/armtools/bin/../lib/gcc/arm-atollic-eabi/4.6.2/../../../../arm-atollic-eabi/lib/thumb/softfp/armv7e-m/fpv4-sp-d16\libc.a(lib_a-mallocr.o)
                0x20000ce8                __malloc_top_pad
 .bss.__malloc_current_mallinfo
                0x20000cec       0x28 c:/program files (x86)/atollic/truestudio for arm pro 3.2.0/armtools/bin/../lib/gcc/arm-atollic-eabi/4.6.2/../../../../arm-atollic-eabi/lib/thumb/softfp/armv7e-m/fpv4-sp-d16\libc.a(lib_a-mallocr.o)
                0x20000cec                __malloc_current_mallinfo
 *(COMMON)
 COMMON         0x20000d14     0x1a6c uCOS-II\Source\os_core.o
                0x20000d14                OSTmrFreeList
                0x20000d18                OSTmrWheelTbl
                0x20000d58                OSLockNesting
                0x20000d5c                OSTmrSemSignal
                0x20000d60                OSTaskRegNextAvailID
                0x20000d61                OSRunning
                0x20000d64                OSIdleCtr
                0x20000d68                OSTmrUsed
                0x20000d6a                OSPrioHighRdy
                0x20000d6c                OSFlagTbl
                0x20000dbc                OSTmrTbl
                0x2000103c                OSPrioCur
                0x20001040                OSTCBList
                0x20001044                OSTickStepState
                0x20001048                OSMemTbl
                0x200010c0                OSTaskStatStk
                0x200012c0                OSCtxSwCtr
                0x200012c4                OSTmrFree
                0x200012c8                OSIdleCtrMax
                0x200012cc                OSTCBFreeList
                0x200012d0                OSCPUUsage
                0x200012d1                OSTaskCtr
                0x200012d4                OSMemFreeList
                0x200012d8                OSQTbl
                0x20001338                OSTCBHighRdy
                0x2000133c                OSQFreeList
                0x20001340                OSRdyGrp
                0x20001344                OSRdyTbl
                0x2000134c                OSTmrTaskStk
                0x2000154c                OSEventFreeList
                0x20001550                OSIntNesting
                0x20001554                OSTCBCur
                0x20001558                OSTmrTime
                0x2000155c                OSTime
                0x20001560                OSTmrSem
                0x20001564                OSTaskIdleStk
                0x20001764                OSEventTbl
                0x20001ee4                OSTCBTbl
                0x20002674                OSFlagFreeList
                0x20002678                OSStatRdy
                0x2000267c                OSTCBPrioTbl
                0x2000277c                OSIdleCtrRun
 COMMON         0x20002780      0x204 uCOS-II\Ports\ARM-Cortex-M4\Generic\GNU\os_cpu_c.o
                0x20002780                OS_CPU_ExceptStkBase
                0x20002784                OS_CPU_ExceptStk
 COMMON         0x20002984     0x5c4c uC-LIB\lib_mem.o
                0x20002984                Mem_PoolHeap
                0x200029cc                Mem_Heap
                0x200085cc                Mem_PoolTbl
 COMMON         0x200085d0        0x4 uC-LIB\lib_math.o
                0x200085d0                Math_RandSeedCur
 COMMON         0x200085d4       0x14 uC-CPU\cpu_core.o
                0x200085d4                CPU_TS_TmrFreq_Hz
                0x200085d8                CPU_Name
 COMMON         0x200085e8        0x4 c:/program files (x86)/atollic/truestudio for arm pro 3.2.0/armtools/bin/../lib/gcc/arm-atollic-eabi/4.6.2/../../../../arm-atollic-eabi/lib/thumb/softfp/armv7e-m/fpv4-sp-d16\libc.a(lib_a-reent.o)
                0x200085e8                errno
                0x200085ec                . = ALIGN (0x4)
                0x200085ec                _ebss = .
                0x200085ec                __bss_end__ = _ebss

._user_heap_stack
                0x200085ec      0x400
                0x200085ec                . = ALIGN (0x4)
                0x200085ec                PROVIDE (end, .)
                0x200085ec                PROVIDE (_end, .)
                0x200085ec                . = (. + _Min_Heap_Size)
                0x200089ec                . = (. + _Min_Stack_Size)
 *fill*         0x200085ec      0x400 00
                0x200089ec                . = ALIGN (0x4)

.memory_b1_text
 *(.mb1text)
 *(.mb1text*)
 *(.mb1rodata)
 *(.mb1rodata*)

/DISCARD/
 libc.a(*)
 libm.a(*)
 libgcc.a(*)

.ARM.attributes
                0x00000000       0x30
 *(.ARM.attributes)
 .ARM.attributes
                0x00000000       0x24 c:/program files (x86)/atollic/truestudio for arm pro 3.2.0/armtools/bin/../lib/gcc/arm-atollic-eabi/4.6.2/thumb/softfp/armv7e-m/fpv4-sp-d16/crti.o
 .ARM.attributes
                0x00000024       0x34 c:/program files (x86)/atollic/truestudio for arm pro 3.2.0/armtools/bin/../lib/gcc/arm-atollic-eabi/4.6.2/thumb/softfp/armv7e-m/fpv4-sp-d16/crtbegin.o
 .ARM.attributes
                0x00000058       0x39 uCOS-II\Source\os_tmr.o
 .ARM.attributes
                0x00000091       0x39 uCOS-II\Source\os_time.o
 .ARM.attributes
                0x000000ca       0x39 uCOS-II\Source\os_task.o
 .ARM.attributes
                0x00000103       0x39 uCOS-II\Source\os_sem.o
 .ARM.attributes
                0x0000013c       0x39 uCOS-II\Source\os_q.o
 .ARM.attributes
                0x00000175       0x39 uCOS-II\Source\os_mutex.o
 .ARM.attributes
                0x000001ae       0x39 uCOS-II\Source\os_mem.o
 .ARM.attributes
                0x000001e7       0x39 uCOS-II\Source\os_mbox.o
 .ARM.attributes
                0x00000220       0x39 uCOS-II\Source\os_flag.o
 .ARM.attributes
                0x00000259       0x39 uCOS-II\Source\os_core.o
 .ARM.attributes
                0x00000292       0x39 uCOS-II\Ports\ARM-Cortex-M4\Generic\GNU\os_dbg.o
 .ARM.attributes
                0x000002cb       0x39 uCOS-II\Ports\ARM-Cortex-M4\Generic\GNU\os_cpu_c.o
 .ARM.attributes
                0x00000304       0x27 uCOS-II\Ports\ARM-Cortex-M4\Generic\GNU\os_cpu_a.o
 .ARM.attributes
                0x0000032b       0x39 uC-Serial\Source\serial_buf.o
 .ARM.attributes
                0x00000364       0x39 uC-Serial\Source\serial.o
 .ARM.attributes
                0x0000039d       0x39 uC-Serial\OS\uCOS-II\serial_os.o
 .ARM.attributes
                0x000003d6       0x39 uC-Serial\Line\serial_line_tty.o
 .ARM.attributes
                0x0000040f       0x39 uC-Serial\Line\serial_line_probe.o
 .ARM.attributes