<html>
<body>
<pre>
<h1>µVision Build Log</h1>
<h2>Project:</h2>
C:\Users\daniel01\Desktop\Micrium_STM3240G-Eval_uCOS-II\Micrium\Software\EvalBoards\ST\STM3240G-EVAL\uCOS-II\KeilMDK\uCOS-II.uvproj
Project File Date:  01/22/2013

<h2>Output:</h2>
Build target 'FLASH'
compiling app.c...
compiling app_hooks.c...
compiling app_serial.c...
compiling bsp.c...
compiling bsp_int.c...
compiling bsp_periph.c...
assembling cstartup.s...
compiling bsp_os.c...
compiling cpu_core.c...
assembling cpu_a.asm...
compiling cpu_c.c...
compiling lib_ascii.c...
compiling lib_math.c...
compiling lib_mem.c...
compiling lib_str.c...
..\..\..\..\..\uC-LIB\lib_str.c(3497): warning: C3017W: nbr_neg_fmtd may be used before being set
..\..\..\..\..\uC-LIB\lib_str.c(3494): warning: C3017W: lead_char_0 may be used before being set
..\..\..\..\..\uC-LIB\lib_str.c(3483): warning: C3017W: nbr_fmt may be used before being set
assembling lib_mem_a.asm...
compiling os_core.c...
compiling os_flag.c...
compiling os_mbox.c...
compiling os_mem.c...
compiling os_mutex.c...
compiling os_q.c...
compiling os_sem.c...
compiling os_task.c...
compiling os_time.c...
compiling os_tmr.c...
assembling os_cpu_a.asm...
compiling os_cpu_c.c...
compiling os_dbg.c...
compiling serial_drv_stm32.c...
compiling serial_bsp_stm3240x.c...
..\..\..\..\..\uC-Serial\Driver\ST\STM3240x\serial_bsp_stm3240x.c(692): warning:  #1-D: last line of file ends without a newline
compiling serial_line_dflt.c...
compiling serial_line_probe.c...
compiling serial_line_tty.c...
compiling serial_os.c...
compiling serial.c...
compiling serial_buf.c...
compiling misc.c...
compiling stm32f4xx_adc.c...
compiling stm32f4xx_can.c...
compiling stm32f4xx_crc.c...
compiling stm32f4xx_cryp.c...
compiling stm32f4xx_cryp_aes.c...
compiling stm32f4xx_cryp_des.c...
compiling stm32f4xx_cryp_tdes.c...
compiling stm32f4xx_dac.c...
compiling stm32f4xx_dbgmcu.c...
compiling stm32f4xx_dcmi.c...
compiling stm32f4xx_dma.c...
compiling stm32f4xx_exti.c...
compiling stm32f4xx_flash.c...
compiling stm32f4xx_fsmc.c...
compiling stm32f4xx_gpio.c...
compiling stm32f4xx_hash.c...
compiling stm32f4xx_hash_md5.c...
compiling stm32f4xx_hash_sha1.c...
compiling stm32f4xx_i2c.c...
compiling stm32f4xx_iwdg.c...
compiling stm32f4xx_pwr.c...
compiling stm32f4xx_rcc.c...
compiling stm32f4xx_rng.c...
compiling stm32f4xx_rtc.c...
compiling stm32f4xx_sdio.c...
compiling stm32f4xx_spi.c...
compiling stm32f4xx_syscfg.c...
compiling stm32f4xx_tim.c...
compiling stm32f4xx_usart.c...
compiling stm32f4xx_wwdg.c...
linking...
Program Size: Code=30668 RO-data=1176 RW-data=180 ZI-data=33188  
".\Output\uCOS-II.axf" - 0 Error(s), 4 Warning(s).
Clean started: Project: 'uCOS-II'
   deleting intermediate output files for target 'FLASH'
Clean started: Project: 'uCOS-II'
   deleting intermediate output files for target 'FLASH'
