<html>
<body>
<pre>
<h1>µVision Build Log</h1>
<h2>Project:</h2>
V:\src\software\experimental\C\STM32\STM32F3\freertos_template\MDK\freertos_template.uvproj
Project File Date:  11/03/2013

<h2>Output:</h2>
Build target 'Target 1'
assembling startup_stm32f30x.s...
compiling leds.c...
compiling main.c...
..\src\main.c(22): warning:  #223-D: function "Timer2_Init" declared implicitly
compiling stm32f30x_it.c...
..\src\stm32f30x_it.c(167): warning:  #177-D: variable "data" was declared but never referenced
..\src\stm32f30x_it.c(168): warning:  #550-D: variable "xMessage" was set but never used
..\src\stm32f30x_it.c(169): warning:  #177-D: variable "xHigherPriorityTaskWoken" was declared but never referenced
compiling task1.c...
..\src\task1.c(26): warning:  #111-D: statement is unreachable
compiling timer2.c...
compiling syscalls.c...
compiling system_stm32f30x.c...
compiling stm32f30x_adc.c...
compiling stm32f30x_can.c...
compiling stm32f30x_comp.c...
compiling stm32f30x_crc.c...
compiling stm32f30x_dac.c...
compiling stm32f30x_dbgmcu.c...
compiling stm32f30x_dma.c...
compiling stm32f30x_exti.c...
compiling stm32f30x_flash.c...
compiling stm32f30x_gpio.c...
compiling stm32f30x_i2c.c...
compiling stm32f30x_iwdg.c...
compiling stm32f30x_misc.c...
compiling stm32f30x_opamp.c...
compiling stm32f30x_pwr.c...
compiling stm32f30x_rcc.c...
compiling stm32f30x_rtc.c...
compiling stm32f30x_spi.c...
compiling stm32f30x_syscfg.c...
compiling stm32f30x_tim.c...
compiling stm32f30x_usart.c...
compiling stm32f30x_wwdg.c...
compiling croutine.c...
compiling list.c...
compiling queue.c...
compiling tasks.c...
compiling timers.c...
compiling heap_2.c...
compiling port.c...
..\..\..\RTOS\FreeRTOSV7.5.3\FreeRTOS\Source\portable\RVDS\ARM_CM4F\port.c(79): error:  #35: #error directive: configMAX_SYSCALL_INTERRUPT_PRIORITY must not be set to 0.  See http://www.FreeRTOS.org/RTOS-Cortex-M3-M4.html
Target not created
Build target 'Target 1'
assembling startup_stm32f30x.s...
startup_stm32f30x.s(77): error: A1516E: Bad symbol 'vPortSVCHandler', not defined or external
startup_stm32f30x.s(80): error: A1516E: Bad symbol 'xPortPendSVHandler', not defined or external
startup_stm32f30x.s(81): error: A1516E: Bad symbol 'xPortSysTickHandler', not defined or external
compiling port.c...
..\..\..\RTOS\FreeRTOSV7.5.3\FreeRTOS\Source\portable\RVDS\ARM_CM4F\port.c(79): error:  #35: #error directive: configMAX_SYSCALL_INTERRUPT_PRIORITY must not be set to 0.  See http://www.FreeRTOS.org/RTOS-Cortex-M3-M4.html
Target not created
Build target 'Target 1'
assembling startup_stm32f30x.s...
compiling port.c...
..\..\..\RTOS\FreeRTOSV7.5.3\FreeRTOS\Source\portable\RVDS\ARM_CM4F\port.c(79): error:  #35: #error directive: configMAX_SYSCALL_INTERRUPT_PRIORITY must not be set to 0.  See http://www.FreeRTOS.org/RTOS-Cortex-M3-M4.html
Target not created
Build target 'Target 1'
compiling main.c...
..\src\main.c(22): warning:  #223-D: function "Timer2_Init" declared implicitly
compiling stm32f30x_it.c...
..\src\stm32f30x_it.c(167): warning:  #177-D: variable "data" was declared but never referenced
..\src\stm32f30x_it.c(168): warning:  #550-D: variable "xMessage" was set but never used
..\src\stm32f30x_it.c(169): warning:  #177-D: variable "xHigherPriorityTaskWoken" was declared but never referenced
compiling task1.c...
..\src\task1.c(26): warning:  #111-D: statement is unreachable
compiling croutine.c...
compiling list.c...
compiling queue.c...
compiling tasks.c...
compiling timers.c...
compiling heap_2.c...
compiling port.c...
linking...
Program Size: Code=11668 RO-data=424 RW-data=148 ZI-data=1900  
FromELF: creating hex file...
"..\objects\freertos_template.axf" - 0 Error(s), 5 Warning(s).
Load "..\\objects\\freertos_template.axf" 
Erase Done.
Programming Done.
Verify OK.
Build target 'Target 1'
assembling startup_stm32f30x.s...
linking...
Program Size: Code=11668 RO-data=424 RW-data=148 ZI-data=5996  
FromELF: creating hex file...
"..\objects\freertos_template.axf" - 0 Error(s), 0 Warning(s).
Build target 'Target 1'
linking...
Program Size: Code=11668 RO-data=424 RW-data=148 ZI-data=5996  
FromELF: creating hex file...
"..\objects\freertos_template.axf" - 0 Error(s), 0 Warning(s).
Load "..\\objects\\freertos_template.axf" 
Erase Done.
Programming Done.
Verify OK.
Load "..\\objects\\freertos_template.axf" 
_____^
*** error 56: cannot open file
Rebuild target 'Target 1'
assembling startup_stm32f30x.s...
compiling leds.c...
compiling main.c...
..\src\main.c(22): warning:  #223-D: function "Timer2_Init" declared implicitly
compiling stm32f30x_it.c...
..\src\stm32f30x_it.c(167): warning:  #177-D: variable "data" was declared but never referenced
..\src\stm32f30x_it.c(168): warning:  #550-D: variable "xMessage" was set but never used
..\src\stm32f30x_it.c(169): warning:  #177-D: variable "xHigherPriorityTaskWoken" was declared but never referenced
compiling task1.c...
..\src\task1.c(26): warning:  #111-D: statement is unreachable
compiling timer2.c...
compiling syscalls.c...
compiling system_stm32f30x.c...
compiling stm32f30x_adc.c...
compiling stm32f30x_can.c...
compiling stm32f30x_comp.c...
compiling stm32f30x_crc.c...
compiling stm32f30x_dac.c...
compiling stm32f30x_dbgmcu.c...
compiling stm32f30x_dma.c...
compiling stm32f30x_exti.c...
compiling stm32f30x_flash.c...
compiling stm32f30x_gpio.c...
compiling stm32f30x_i2c.c...
compiling stm32f30x_iwdg.c...
compiling stm32f30x_misc.c...
compiling stm32f30x_opamp.c...
compiling stm32f30x_pwr.c...
compiling stm32f30x_rcc.c...
compiling stm32f30x_rtc.c...
compiling stm32f30x_spi.c...
compiling stm32f30x_syscfg.c...
compiling stm32f30x_tim.c...
compiling stm32f30x_usart.c...
compiling stm32f30x_wwdg.c...
compiling croutine.c...
compiling list.c...
compiling queue.c...
compiling tasks.c...
compiling timers.c...
compiling heap_2.c...
compiling port.c...
linking...
Program Size: Code=13200 RO-data=424 RW-data=156 ZI-data=6060  
FromELF: creating hex file...
"..\objects\freertos_template.axf" - 0 Error(s), 5 Warning(s).
Rebuild target 'Target 1'
assembling startup_stm32f30x.s...
compiling leds.c...
compiling main.c...
..\src\main.c(22): warning:  #223-D: function "Timer2_Init" declared implicitly
compiling stm32f30x_it.c...
..\src\stm32f30x_it.c(167): warning:  #177-D: variable "data" was declared but never referenced
..\src\stm32f30x_it.c(168): warning:  #550-D: variable "xMessage" was set but never used
..\src\stm32f30x_it.c(169): warning:  #177-D: variable "xHigherPriorityTaskWoken" was declared but never referenced
compiling task1.c...
..\src\task1.c(26): warning:  #111-D: statement is unreachable
compiling timer2.c...
compiling syscalls.c...
compiling system_stm32f30x.c...
compiling stm32f30x_adc.c...
compiling stm32f30x_can.c...
compiling stm32f30x_comp.c...
compiling stm32f30x_crc.c...
compiling stm32f30x_dac.c...
compiling stm32f30x_dbgmcu.c...
compiling stm32f30x_dma.c...
compiling stm32f30x_exti.c...
compiling stm32f30x_flash.c...
compiling stm32f30x_gpio.c...
compiling stm32f30x_i2c.c...
compiling stm32f30x_iwdg.c...
compiling stm32f30x_misc.c...
compiling stm32f30x_opamp.c...
compiling stm32f30x_pwr.c...
compiling stm32f30x_rcc.c...
compiling stm32f30x_rtc.c...
compiling stm32f30x_spi.c...
compiling stm32f30x_syscfg.c...
compiling stm32f30x_tim.c...
compiling stm32f30x_usart.c...
compiling stm32f30x_wwdg.c...
compiling croutine.c...
compiling list.c...
compiling queue.c...
compiling tasks.c...
compiling timers.c...
compiling heap_2.c...
compiling port.c...
linking...
Program Size: Code=13200 RO-data=424 RW-data=156 ZI-data=6060  
FromELF: creating hex file...
"..\objects\freertos_template.axf" - 0 Error(s), 5 Warning(s).
Load "..\\objects\\freertos_template.axf" 
Erase Done.
Programming Done.
Verify OK.
Build target 'Target 1'
compiling main.c...
..\src\main.c(22): warning:  #223-D: function "Timer2_Init" declared implicitly
compiling stm32f30x_it.c...
..\src\stm32f30x_it.c(167): warning:  #177-D: variable "data" was declared but never referenced
..\src\stm32f30x_it.c(168): warning:  #550-D: variable "xMessage" was set but never used
..\src\stm32f30x_it.c(169): warning:  #177-D: variable "xHigherPriorityTaskWoken" was declared but never referenced
compiling task1.c...
..\src\task1.c(26): warning:  #111-D: statement is unreachable
compiling croutine.c...
compiling list.c...
compiling queue.c...
compiling tasks.c...
compiling timers.c...
compiling heap_2.c...
compiling port.c...
linking...
Program Size: Code=13208 RO-data=424 RW-data=156 ZI-data=6956  
FromELF: creating hex file...
"..\objects\freertos_template.axf" - 0 Error(s), 5 Warning(s).
Load "..\\objects\\freertos_template.axf" 
Erase Done.
Programming Done.
Verify OK.
Build target 'Target 1'
compiling main.c...
..\src\main.c(22): warning:  #223-D: function "Timer2_Init" declared implicitly
compiling stm32f30x_it.c...
..\src\stm32f30x_it.c(167): warning:  #177-D: variable "data" was declared but never referenced
..\src\stm32f30x_it.c(168): warning:  #550-D: variable "xMessage" was set but never used
..\src\stm32f30x_it.c(169): warning:  #177-D: variable "xHigherPriorityTaskWoken" was declared but never referenced
compiling task1.c...
..\src\task1.c(26): warning:  #111-D: statement is unreachable
compiling croutine.c...
compiling list.c...
compiling queue.c...
compiling tasks.c...
compiling timers.c...
compiling heap_2.c...
compiling port.c...
linking...
Program Size: Code=13208 RO-data=424 RW-data=156 ZI-data=10028  
FromELF: creating hex file...
"..\objects\freertos_template.axf" - 0 Error(s), 5 Warning(s).
Load "..\\objects\\freertos_template.axf" 
Erase Done.
Programming Done.
Verify OK.
Build target 'Target 1'
compiling stm32f30x_it.c...
..\src\stm32f30x_it.c(167): warning:  #177-D: variable "data" was declared but never referenced
linking...
Program Size: Code=13228 RO-data=424 RW-data=156 ZI-data=10028  
FromELF: creating hex file...
"..\objects\freertos_template.axf" - 0 Error(s), 1 Warning(s).
Load "..\\objects\\freertos_template.axf" 
Erase Done.
Programming Done.
Verify OK.
Build target 'Target 1'
compiling main.c...
..\src\main.c(22): warning:  #223-D: function "Timer2_Init" declared implicitly
compiling timer2.c...
linking...
Program Size: Code=13228 RO-data=424 RW-data=156 ZI-data=10028  
FromELF: creating hex file...
"..\objects\freertos_template.axf" - 0 Error(s), 1 Warning(s).
Load "..\\objects\\freertos_template.axf" 
Erase Done.
Programming Done.
Verify OK.
