<html>
<body>
<pre>
<h1>µVision Build Log</h1>
<h2>Project:</h2>
C:\Users\tractp1\src\software\experimental\C\STM32\STM32F4\ucosii_template\MDK\ucosii_template.uvproj
Project File Date:  11/01/2013

<h2>Output:</h2>
Build target 'Target 1'
compiling app_hooks.c...
compiling main.c...
compiling stm32f4xx_it.c...
compiling system_stm32f4xx.c...
assembling startup_stm32f40xx.s...
compiling misc.c...
compiling stm32f4xx_adc.c...
compiling stm32f4xx_can.c...
compiling stm32f4xx_crc.c...
compiling stm32f4xx_cryp.c...
compiling stm32f4xx_cryp_aes.c...
compiling stm32f4xx_cryp_des.c...
compiling stm32f4xx_cryp_tdes.c...
compiling stm32f4xx_dac.c...
compiling stm32f4xx_dbgmcu.c...
compiling stm32f4xx_dcmi.c...
compiling stm32f4xx_dma.c...
compiling stm32f4xx_exti.c...
compiling stm32f4xx_flash.c...
compiling stm32f4xx_fsmc.c...
compiling stm32f4xx_gpio.c...
compiling stm32f4xx_hash.c...
compiling stm32f4xx_hash_md5.c...
compiling stm32f4xx_hash_sha1.c...
compiling stm32f4xx_i2c.c...
compiling stm32f4xx_iwdg.c...
compiling stm32f4xx_pwr.c...
compiling stm32f4xx_rcc.c...
compiling stm32f4xx_rng.c...
compiling stm32f4xx_rtc.c...
compiling stm32f4xx_sdio.c...
compiling stm32f4xx_spi.c...
compiling stm32f4xx_syscfg.c...
compiling stm32f4xx_tim.c...
compiling stm32f4xx_usart.c...
compiling stm32f4xx_wwdg.c...
compiling ucos_ii.c...
compiling os_cpu_c.c...
compiling os_dbg.c...
compiling cpu_core.c...
compiling cpu_c.c...
compiling lib_ascii.c...
compiling lib_math.c...
compiling lib_mem.c...
compiling lib_str.c...
assembling lib_mem_a.asm...
assembling cpu_a.asm...
linking...
..\objects\ucosii_template.axf: Error: L6218E: Undefined symbol OSCtxSw (referred from ucos_ii.o).
..\objects\ucosii_template.axf: Error: L6218E: Undefined symbol OSIntCtxSw (referred from ucos_ii.o).
..\objects\ucosii_template.axf: Error: L6218E: Undefined symbol OSStartHighRdy (referred from ucos_ii.o).
..\objects\ucosii_template.axf: Error: L6218E: Undefined symbol OS_CPU_SR_Restore (referred from ucos_ii.o).
..\objects\ucosii_template.axf: Error: L6218E: Undefined symbol OS_CPU_SR_Save (referred from ucos_ii.o).
..\objects\ucosii_template.axf: Error: L6218E: Undefined symbol CPU_TS_TmrInit (referred from cpu_core.o).
..\objects\ucosii_template.axf: Error: L6218E: Undefined symbol CPU_TS_TmrRd (referred from cpu_core.o).
"..\objects\ucosii_template.axf" - 7 Errors, 0 Warning(s).
Target not created
Build target 'Target 1'
compiling app_hooks.c...
compiling main.c...
compiling stm32f4xx_it.c...
compiling system_stm32f4xx.c...
assembling startup_stm32f40xx.s...
compiling misc.c...
compiling stm32f4xx_adc.c...
compiling stm32f4xx_can.c...
compiling stm32f4xx_crc.c...
compiling stm32f4xx_cryp.c...
compiling stm32f4xx_cryp_aes.c...
compiling stm32f4xx_cryp_des.c...
compiling stm32f4xx_cryp_tdes.c...
compiling stm32f4xx_dac.c...
compiling stm32f4xx_dbgmcu.c...
compiling stm32f4xx_dcmi.c...
compiling stm32f4xx_dma.c...
compiling stm32f4xx_exti.c...
compiling stm32f4xx_flash.c...
compiling stm32f4xx_fsmc.c...
compiling stm32f4xx_gpio.c...
compiling stm32f4xx_hash.c...
compiling stm32f4xx_hash_md5.c...
compiling stm32f4xx_hash_sha1.c...
compiling stm32f4xx_i2c.c...
compiling stm32f4xx_iwdg.c...
compiling stm32f4xx_pwr.c...
compiling stm32f4xx_rcc.c...
compiling stm32f4xx_rng.c...
compiling stm32f4xx_rtc.c...
compiling stm32f4xx_sdio.c...
compiling stm32f4xx_spi.c...
compiling stm32f4xx_syscfg.c...
compiling stm32f4xx_tim.c...
compiling stm32f4xx_usart.c...
compiling stm32f4xx_wwdg.c...
compiling ucos_ii.c...
compiling os_cpu_c.c...
compiling os_dbg.c...
compiling cpu_core.c...
compiling cpu_c.c...
compiling lib_ascii.c...
compiling lib_math.c...
compiling lib_mem.c...
compiling lib_str.c...
assembling lib_mem_a.asm...
assembling cpu_a.asm...
assembling os_cpu_a.asm...
linking...
..\objects\ucosii_template.axf: Error: L6218E: Undefined symbol CPU_TS_TmrInit (referred from cpu_core.o).
..\objects\ucosii_template.axf: Error: L6218E: Undefined symbol CPU_TS_TmrRd (referred from cpu_core.o).
"..\objects\ucosii_template.axf" - 2 Errors, 0 Warning(s).
Target not created
Build target 'Target 1'
compiling app_hooks.c...
compiling main.c...
compiling ucos_ii.c...
compiling os_cpu_c.c...
compiling os_dbg.c...
compiling cpu_core.c...
compiling cpu_c.c...
compiling lib_ascii.c...
compiling lib_math.c...
compiling lib_mem.c...
compiling lib_str.c...
assembling os_cpu_a.asm...
linking...
Program Size: Code=17192 RO-data=796 RW-data=128 ZI-data=8792  
FromELF: creating hex file...
"..\objects\ucosii_template.axf" - 0 Errors, 0 Warning(s).
Clean started: Project: 'ucosii_template'
   deleting intermediate output files for target 'Target 1'
Build target 'Target 1'
compiling app_hooks.c...
compiling main.c...
compiling stm32f4xx_it.c...
compiling app.c...
compiling bsp.c...
compiling task1.c...
..\src\task1.c(26): warning:  #111-D: statement is unreachable
compiling system_stm32f4xx.c...
assembling startup_stm32f40xx.s...
compiling misc.c...
compiling stm32f4xx_adc.c...
compiling stm32f4xx_can.c...
compiling stm32f4xx_crc.c...
compiling stm32f4xx_cryp.c...
compiling stm32f4xx_cryp_aes.c...
compiling stm32f4xx_cryp_des.c...
compiling stm32f4xx_cryp_tdes.c...
compiling stm32f4xx_dac.c...
compiling stm32f4xx_dbgmcu.c...
compiling stm32f4xx_dcmi.c...
compiling stm32f4xx_dma.c...
compiling stm32f4xx_exti.c...
compiling stm32f4xx_flash.c...
compiling stm32f4xx_fsmc.c...
compiling stm32f4xx_gpio.c...
compiling stm32f4xx_hash.c...
compiling stm32f4xx_hash_md5.c...
compiling stm32f4xx_hash_sha1.c...
compiling stm32f4xx_i2c.c...
compiling stm32f4xx_iwdg.c...
compiling stm32f4xx_pwr.c...
compiling stm32f4xx_rcc.c...
compiling stm32f4xx_rng.c...
compiling stm32f4xx_rtc.c...
compiling stm32f4xx_sdio.c...
compiling stm32f4xx_spi.c...
compiling stm32f4xx_syscfg.c...
compiling stm32f4xx_tim.c...
compiling stm32f4xx_usart.c...
compiling stm32f4xx_wwdg.c...
compiling ucos_ii.c...
compiling os_cpu_c.c...
compiling os_dbg.c...
compiling cpu_core.c...
compiling cpu_c.c...
compiling lib_ascii.c...
compiling lib_math.c...
compiling lib_mem.c...
compiling lib_str.c...
assembling lib_mem_a.asm...
assembling cpu_a.asm...
assembling os_cpu_a.asm...
linking...
..\objects\ucosii_template.axf: Error: L6218E: Undefined symbol LEDS_Toggle (referred from stm32f4xx_it.o).
..\objects\ucosii_template.axf: Error: L6218E: Undefined symbol LEDS_Init (referred from bsp.o).
..\objects\ucosii_template.axf: Error: L6218E: Undefined symbol LEDS_Off (referred from task1.o).
"..\objects\ucosii_template.axf" - 3 Errors, 1 Warning(s).
Target not created
Build target 'Target 1'
compiling app.c...
compiling bsp.c...
compiling task1.c...
..\src\task1.c(26): warning:  #111-D: statement is unreachable
compiling leds.c...
linking...
Program Size: Code=23328 RO-data=796 RW-data=156 ZI-data=8796  
FromELF: creating hex file...
"..\objects\ucosii_template.axf" - 0 Errors, 1 Warning(s).
Load "..\\objects\\ucosii_template.axf" 
